###############################################################################
#
# IAR ELF Linker V8.20.1.14183/W32 for ARM                21/Oct/2024  16:56:32
# Copyright 2007-2017 IAR Systems AB.
#
#    Output file  =  
#        D:\STM32F4\NewIHM8Git\DFU_Standalone\EWARM\STM324xG-EVAL_USBD-FS\Exe\STM324xG-EVAL_USBD-FS.out
#    Map file     =  
#        D:\STM32F4\NewIHM8Git\DFU_Standalone\EWARM\STM324xG-EVAL_USBD-FS\List\STM324xG-EVAL_USBD-FS.map
#    Command line =  
#        -f C:\Users\topgu\AppData\Local\Temp\EWD096.tmp
#        (D:\STM32F4\NewIHM8Git\DFU_Standalone\EWARM\STM324xG-EVAL_USBD-FS\Obj\main.o
#        D:\STM32F4\NewIHM8Git\DFU_Standalone\EWARM\STM324xG-EVAL_USBD-FS\Obj\startup_stm32f407xx.o
#        D:\STM32F4\NewIHM8Git\DFU_Standalone\EWARM\STM324xG-EVAL_USBD-FS\Obj\stm32f4xx_hal.o
#        D:\STM32F4\NewIHM8Git\DFU_Standalone\EWARM\STM324xG-EVAL_USBD-FS\Obj\stm32f4xx_hal_cortex.o
#        D:\STM32F4\NewIHM8Git\DFU_Standalone\EWARM\STM324xG-EVAL_USBD-FS\Obj\stm32f4xx_hal_dma.o
#        D:\STM32F4\NewIHM8Git\DFU_Standalone\EWARM\STM324xG-EVAL_USBD-FS\Obj\stm32f4xx_hal_dma_ex.o
#        D:\STM32F4\NewIHM8Git\DFU_Standalone\EWARM\STM324xG-EVAL_USBD-FS\Obj\stm32f4xx_hal_flash.o
#        D:\STM32F4\NewIHM8Git\DFU_Standalone\EWARM\STM324xG-EVAL_USBD-FS\Obj\stm32f4xx_hal_flash_ex.o
#        D:\STM32F4\NewIHM8Git\DFU_Standalone\EWARM\STM324xG-EVAL_USBD-FS\Obj\stm32f4xx_hal_gpio.o
#        D:\STM32F4\NewIHM8Git\DFU_Standalone\EWARM\STM324xG-EVAL_USBD-FS\Obj\stm32f4xx_hal_i2c.o
#        D:\STM32F4\NewIHM8Git\DFU_Standalone\EWARM\STM324xG-EVAL_USBD-FS\Obj\stm32f4xx_hal_i2c_ex.o
#        D:\STM32F4\NewIHM8Git\DFU_Standalone\EWARM\STM324xG-EVAL_USBD-FS\Obj\stm32f4xx_hal_pcd.o
#        D:\STM32F4\NewIHM8Git\DFU_Standalone\EWARM\STM324xG-EVAL_USBD-FS\Obj\stm32f4xx_hal_pcd_ex.o
#        D:\STM32F4\NewIHM8Git\DFU_Standalone\EWARM\STM324xG-EVAL_USBD-FS\Obj\stm32f4xx_hal_rcc.o
#        D:\STM32F4\NewIHM8Git\DFU_Standalone\EWARM\STM324xG-EVAL_USBD-FS\Obj\stm32f4xx_hal_rcc_ex.o
#        D:\STM32F4\NewIHM8Git\DFU_Standalone\EWARM\STM324xG-EVAL_USBD-FS\Obj\stm32f4xx_hal_sram.o
#        D:\STM32F4\NewIHM8Git\DFU_Standalone\EWARM\STM324xG-EVAL_USBD-FS\Obj\stm32f4xx_hal_uart.o
#        D:\STM32F4\NewIHM8Git\DFU_Standalone\EWARM\STM324xG-EVAL_USBD-FS\Obj\stm32f4xx_it.o
#        D:\STM32F4\NewIHM8Git\DFU_Standalone\EWARM\STM324xG-EVAL_USBD-FS\Obj\stm32f4xx_ll_fsmc.o
#        D:\STM32F4\NewIHM8Git\DFU_Standalone\EWARM\STM324xG-EVAL_USBD-FS\Obj\stm32f4xx_ll_usb.o
#        D:\STM32F4\NewIHM8Git\DFU_Standalone\EWARM\STM324xG-EVAL_USBD-FS\Obj\system_stm32f4xx.o
#        D:\STM32F4\NewIHM8Git\DFU_Standalone\EWARM\STM324xG-EVAL_USBD-FS\Obj\usbd_conf.o
#        D:\STM32F4\NewIHM8Git\DFU_Standalone\EWARM\STM324xG-EVAL_USBD-FS\Obj\usbd_core.o
#        D:\STM32F4\NewIHM8Git\DFU_Standalone\EWARM\STM324xG-EVAL_USBD-FS\Obj\usbd_ctlreq.o
#        D:\STM32F4\NewIHM8Git\DFU_Standalone\EWARM\STM324xG-EVAL_USBD-FS\Obj\usbd_desc.o
#        D:\STM32F4\NewIHM8Git\DFU_Standalone\EWARM\STM324xG-EVAL_USBD-FS\Obj\usbd_dfu.o
#        D:\STM32F4\NewIHM8Git\DFU_Standalone\EWARM\STM324xG-EVAL_USBD-FS\Obj\usbd_dfu_flash.o
#        D:\STM32F4\NewIHM8Git\DFU_Standalone\EWARM\STM324xG-EVAL_USBD-FS\Obj\usbd_ioreq.o
#        -o
#        D:\STM32F4\NewIHM8Git\DFU_Standalone\EWARM\STM324xG-EVAL_USBD-FS\Exe\STM324xG-EVAL_USBD-FS.out
#        --map
#        D:\STM32F4\NewIHM8Git\DFU_Standalone\EWARM\STM324xG-EVAL_USBD-FS\List\STM324xG-EVAL_USBD-FS.map
#        --config
#        D:\STM32F4\NewIHM8Git\DFU_Standalone\EWARM\stm32f407xx_flash.icf
#        --entry __iar_program_start --vfe --text_out locale)
#
###############################################################################

*******************************************************************************
*** RUNTIME MODEL ATTRIBUTES
***

CppFlavor       = *
__Heap_Handler  = DLMalloc
__SystemLibrary = DLib
__dlib_version  = 6


*******************************************************************************
*** HEAP SELECTION
***

The advanced heap was selected because the application calls memory
allocation functions outside of system library functions, and there
are calls to deallocation functions in the application.


*******************************************************************************
*** PLACEMENT SUMMARY
***

"A0":  place at 0x08000000 { ro section .intvec };
"P1":  place in [from 0x08000000 to 0x0800bfff] { ro };
define block CSTACK with size = 1K, alignment = 8 { };
define block HEAP with size = 2K, alignment = 8 { };
"P2":  place in [from 0x20000000 to 0x2001ffff] {
          rw, block CSTACK, block HEAP };
initialize by copy { rw };

  Section            Kind        Address    Size  Object
  -------            ----        -------    ----  ------
"A0":                                      0x188
  .intvec            ro code  0x08000000   0x188  startup_stm32f407xx.o [1]
                            - 0x08000188   0x188

"P1":                                     0x6276
  .text              ro code  0x08000188  0x14d8  dlmalloc.o [3]
  .text              ro code  0x08001660     0x6  abort.o [3]
  .text              ro code  0x08001668    0x2c  xgetmemchunk.o [3]
  .text              ro code  0x08001694     0xc  XXexit.o [5]
  .text              ro code  0x080016a0   0xcc8  stm32f4xx_ll_usb.o [1]
  .text              ro code  0x08002368    0x32  stm32f4xx_hal.o [1]
  .text              ro code  0x0800239c     0xc  stm32f4xx_hal.o [1]
  .text              ro code  0x080023a8    0x5e  stm32f4xx_hal.o [1]
  .text              ro code  0x08002408   0x178  stm32f4xx_hal_cortex.o [1]
  .text              ro code  0x08002580    0x28  stm32f4xx_hal.o [1]
  .text              ro code  0x080025a8   0xb08  stm32f4xx_hal_pcd.o [1]
  .text              ro code  0x080030b0   0x500  usbd_conf.o [1]
  .text              ro code  0x080035b0    0x86  ABImemcpy.o [5]
  .text              ro code  0x08003638   0x1f8  stm32f4xx_hal_rcc.o [1]
  .text              ro code  0x08003830   0x268  stm32f4xx_hal_gpio.o [1]
  .text              ro code  0x08003a98   0x35e  usbd_core.o [1]
  .text              ro code  0x08003df6    0x6c  stm32f4xx_hal_pcd_ex.o [1]
  .text              ro code  0x08003e64   0x22e  I64DivMod.o [5]
  .text              ro code  0x08004094   0x656  usbd_ctlreq.o [1]
  .text              ro code  0x080046ea    0xbc  usbd_ioreq.o [1]
  .text              ro code  0x080047a8     0x2  I64DivZer.o [5]
  .text              ro code  0x080047ac   0x888  usbd_dfu.o [1]
  .text              ro code  0x08005034     0x4  heaptramp0.o [3]
  .text              ro code  0x08005038   0x390  stm32f4xx_hal_rcc.o [1]
  .text              ro code  0x080053c8   0x294  stm32f4xx_hal_rcc_ex.o [1]
  .text              ro code  0x0800565c   0x268  stm32f4xx_hal_flash.o [1]
  .text              ro code  0x080058c4   0x1e4  main.o [1]
  .text              ro code  0x08005aa8   0x1d0  stm32f4xx_hal_flash_ex.o [1]
  .text              ro code  0x08005c78   0x1b4  usbd_dfu_flash.o [1]
  .text              ro code  0x08005e2c   0x158  usbd_desc.o [1]
  .text              ro code  0x08005f84    0x6c  system_stm32f4xx.o [1]
  .rodata            const    0x08005ff0    0x44  usbd_dfu_flash.o [1]
  .text              ro code  0x08006034    0x40  zero_init3.o [5]
  .text              ro code  0x08006074    0x38  packbits_init_single.o [5]
  .text              ro code  0x080060ac    0x28  stm32f4xx_it.o [1]
  .text              ro code  0x080060d4    0x10  stm32f4xx_hal.o [1]
  .text              ro code  0x080060e4    0x28  data_init.o [5]
  .text              ro code  0x0800610c    0x22  fpinit_M.o [4]
  .iar.init_table    const    0x08006130    0x20  - Linker created -
  .text              ro code  0x08006150    0x1e  cmain.o [5]
  .text              ro code  0x0800616e     0x4  low_level_init.o [3]
  .text              ro code  0x08006172     0x4  exit.o [3]
  .text              ro code  0x08006178     0xa  cexit.o [5]
  .rodata            const    0x08006184    0x14  usbd_desc.o [1]
  .rodata            const    0x08006198    0x10  system_stm32f4xx.o [1]
  .rodata            const    0x080061a8    0x10  usbd_desc.o [1]
  .rodata            const    0x080061b8    0x10  usbd_desc.o [1]
  .rodata            const    0x080061c8    0x10  usbd_desc.o [1]
  .text              ro code  0x080061d8    0x10  startup_stm32f407xx.o [1]
  .rodata            const    0x080061e8     0xc  usbd_desc.o [1]
  .text              ro code  0x080061f4     0xc  cstartup_M.o [5]
  .text              ro code  0x08006200     0x4  startup_stm32f407xx.o [1]
  .text              ro code  0x08006204     0x4  startup_stm32f407xx.o [1]
  .text              ro code  0x08006208     0x4  startup_stm32f407xx.o [1]
  .text              ro code  0x0800620c     0x4  startup_stm32f407xx.o [1]
  .text              ro code  0x08006210     0x4  startup_stm32f407xx.o [1]
  .text              ro code  0x08006214     0x4  startup_stm32f407xx.o [1]
  .text              ro code  0x08006218     0x4  startup_stm32f407xx.o [1]
  .text              ro code  0x0800621c     0x4  startup_stm32f407xx.o [1]
  .text              ro code  0x08006220     0x4  startup_stm32f407xx.o [1]
  .text              ro code  0x08006224     0x4  startup_stm32f407xx.o [1]
  .text              ro code  0x08006228     0x4  startup_stm32f407xx.o [1]
  .text              ro code  0x0800622c     0x4  startup_stm32f407xx.o [1]
  .text              ro code  0x08006230     0x4  startup_stm32f407xx.o [1]
  .text              ro code  0x08006234     0x4  startup_stm32f407xx.o [1]
  .text              ro code  0x08006238     0x4  startup_stm32f407xx.o [1]
  .text              ro code  0x0800623c     0x4  startup_stm32f407xx.o [1]
  .text              ro code  0x08006240     0x4  startup_stm32f407xx.o [1]
  .text              ro code  0x08006244     0x4  startup_stm32f407xx.o [1]
  .text              ro code  0x08006248     0x4  startup_stm32f407xx.o [1]
  .text              ro code  0x0800624c     0x4  startup_stm32f407xx.o [1]
  .text              ro code  0x08006250     0x4  startup_stm32f407xx.o [1]
  .text              ro code  0x08006254     0x4  startup_stm32f407xx.o [1]
  .text              ro code  0x08006258     0x4  startup_stm32f407xx.o [1]
  .text              ro code  0x0800625c     0x4  startup_stm32f407xx.o [1]
  .text              ro code  0x08006260     0x4  startup_stm32f407xx.o [1]
  .text              ro code  0x08006264     0x4  startup_stm32f407xx.o [1]
  .text              ro code  0x08006268     0x4  startup_stm32f407xx.o [1]
  .text              ro code  0x0800626c     0x4  startup_stm32f407xx.o [1]
  .text              ro code  0x08006270     0x4  startup_stm32f407xx.o [1]
  .text              ro code  0x08006274     0x4  startup_stm32f407xx.o [1]
  .text              ro code  0x08006278     0x4  startup_stm32f407xx.o [1]
  .text              ro code  0x0800627c     0x4  startup_stm32f407xx.o [1]
  .text              ro code  0x08006280     0x4  startup_stm32f407xx.o [1]
  .text              ro code  0x08006284     0x4  startup_stm32f407xx.o [1]
  .text              ro code  0x08006288     0x4  startup_stm32f407xx.o [1]
  .text              ro code  0x0800628c     0x4  startup_stm32f407xx.o [1]
  .text              ro code  0x08006290     0x4  startup_stm32f407xx.o [1]
  .text              ro code  0x08006294     0x4  startup_stm32f407xx.o [1]
  .text              ro code  0x08006298     0x4  startup_stm32f407xx.o [1]
  .text              ro code  0x0800629c     0x4  startup_stm32f407xx.o [1]
  .text              ro code  0x080062a0     0x4  startup_stm32f407xx.o [1]
  .text              ro code  0x080062a4     0x4  startup_stm32f407xx.o [1]
  .text              ro code  0x080062a8     0x4  startup_stm32f407xx.o [1]
  .text              ro code  0x080062ac     0x4  startup_stm32f407xx.o [1]
  .text              ro code  0x080062b0     0x4  startup_stm32f407xx.o [1]
  .text              ro code  0x080062b4     0x4  startup_stm32f407xx.o [1]
  .text              ro code  0x080062b8     0x4  startup_stm32f407xx.o [1]
  .text              ro code  0x080062bc     0x4  startup_stm32f407xx.o [1]
  .text              ro code  0x080062c0     0x4  startup_stm32f407xx.o [1]
  .text              ro code  0x080062c4     0x4  startup_stm32f407xx.o [1]
  .text              ro code  0x080062c8     0x4  startup_stm32f407xx.o [1]
  .text              ro code  0x080062cc     0x4  startup_stm32f407xx.o [1]
  .text              ro code  0x080062d0     0x4  startup_stm32f407xx.o [1]
  .text              ro code  0x080062d4     0x4  startup_stm32f407xx.o [1]
  .text              ro code  0x080062d8     0x4  startup_stm32f407xx.o [1]
  .text              ro code  0x080062dc     0x4  startup_stm32f407xx.o [1]
  .text              ro code  0x080062e0     0x4  startup_stm32f407xx.o [1]
  .text              ro code  0x080062e4     0x4  startup_stm32f407xx.o [1]
  .text              ro code  0x080062e8     0x4  startup_stm32f407xx.o [1]
  .text              ro code  0x080062ec     0x4  startup_stm32f407xx.o [1]
  .text              ro code  0x080062f0     0x4  startup_stm32f407xx.o [1]
  .text              ro code  0x080062f4     0x4  startup_stm32f407xx.o [1]
  .text              ro code  0x080062f8     0x4  startup_stm32f407xx.o [1]
  .text              ro code  0x080062fc     0x4  startup_stm32f407xx.o [1]
  .text              ro code  0x08006300     0x4  startup_stm32f407xx.o [1]
  .text              ro code  0x08006304     0x4  startup_stm32f407xx.o [1]
  .text              ro code  0x08006308     0x4  startup_stm32f407xx.o [1]
  .text              ro code  0x0800630c     0x4  startup_stm32f407xx.o [1]
  .text              ro code  0x08006310     0x4  startup_stm32f407xx.o [1]
  .text              ro code  0x08006314     0x4  startup_stm32f407xx.o [1]
  .text              ro code  0x08006318     0x4  startup_stm32f407xx.o [1]
  .text              ro code  0x0800631c     0x4  startup_stm32f407xx.o [1]
  .text              ro code  0x08006320     0x4  startup_stm32f407xx.o [1]
  .text              ro code  0x08006324     0x4  startup_stm32f407xx.o [1]
  .text              ro code  0x08006328     0x4  startup_stm32f407xx.o [1]
  .text              ro code  0x0800632c     0x4  startup_stm32f407xx.o [1]
  .text              ro code  0x08006330     0x4  startup_stm32f407xx.o [1]
  .text              ro code  0x08006334     0x4  startup_stm32f407xx.o [1]
  .text              ro code  0x08006338     0x4  startup_stm32f407xx.o [1]
  .text              ro code  0x0800633c     0x4  startup_stm32f407xx.o [1]
  .rodata            const    0x08006340     0x0  zero_init3.o [5]
  .rodata            const    0x08006340     0x0  packbits_init_single.o [5]
  Initializer bytes  const    0x08006340    0xbe  <for P2-1>
                            - 0x080063fe  0x6276

"P2", part 1 of 3:                          0xd4
  P2-1                        0x20000000    0xd4  <Init block>
    .data            inited   0x20000000     0x4  system_stm32f4xx.o [1]
    .data            inited   0x20000004    0x1c  usbd_desc.o [1]
    .data            inited   0x20000020    0x14  usbd_desc.o [1]
    .data            inited   0x20000034     0x4  usbd_desc.o [1]
    .data            inited   0x20000038    0x1c  usbd_desc.o [1]
    .data            inited   0x20000054    0x3c  usbd_dfu.o [1]
    .data            inited   0x20000090    0x1c  usbd_dfu.o [1]
    .data            inited   0x200000ac     0xc  usbd_dfu.o [1]
    .data            inited   0x200000b8    0x1c  usbd_dfu_flash.o [1]
                            - 0x200000d4    0xd4

"P2", part 2 of 3:                         0xa38
  .bss               zero     0x200000d4   0x3f0  usbd_conf.o [1]
  .bss               zero     0x200004c4   0x224  main.o [1]
  .bss               zero     0x200006e8   0x1d8  dlmalloc.o [3]
  .bss               zero     0x200008c0   0x100  usbd_desc.o [1]
  .bss               zero     0x200009c0   0x100  usbd_dfu.o [1]
  .bss               zero     0x20000ac0    0x20  stm32f4xx_hal_flash.o [1]
  .bss               zero     0x20000ae0    0x18  dlmalloc.o [3]
  .bss               zero     0x20000af8     0x4  main.o [1]
  .bss               zero     0x20000afc     0x4  main.o [1]
  .bss               zero     0x20000b00     0x4  stm32f4xx_hal.o [1]
  .bss               zero     0x20000b04     0x4  xgetmemchunk.o [3]
  .bss               zero     0x20000b08     0x1  usbd_ctlreq.o [1]
                            - 0x20000b09   0xa35

"P2", part 3 of 3:                         0xc00
  CSTACK                      0x20000b10   0x400  <Block>
    CSTACK           uninit   0x20000b10   0x400  <Block tail>
  HEAP                        0x20000f10   0x800  <Block>
    HEAP             uninit   0x20000f10   0x800  <Block tail>
                            - 0x20001710   0xc00


*******************************************************************************
*** INIT TABLE
***

          Address     Size
          -------     ----
Zero (__iar_zero_init3)
    1 destination range, total size 0xa35:
          0x200000d4  0xa35

Copy/packbits (__iar_packbits_init_single3)
    1 source range, total size 0xbe (89% of destination):
          0x08006340   0xbe
    1 destination range, total size 0xd4:
          0x20000000   0xd4



*******************************************************************************
*** MODULE SUMMARY
***

    Module                    ro code  ro data  rw data
    ------                    -------  -------  -------
D:\STM32F4\NewIHM8Git\DFU_Standalone\EWARM\STM324xG-EVAL_USBD-FS\Obj: [1]
    main.o                        484               556
    startup_stm32f407xx.o         728
    stm32f4xx_hal.o               212                 4
    stm32f4xx_hal_cortex.o        376
    stm32f4xx_hal_flash.o         616                32
    stm32f4xx_hal_flash_ex.o      464
    stm32f4xx_hal_gpio.o          616
    stm32f4xx_hal_pcd.o         2 824
    stm32f4xx_hal_pcd_ex.o        108
    stm32f4xx_hal_rcc.o         1 416
    stm32f4xx_hal_rcc_ex.o        660
    stm32f4xx_it.o                 40
    stm32f4xx_ll_usb.o          3 272
    system_stm32f4xx.o            108       19        4
    usbd_conf.o                 1 280             1 008
    usbd_core.o                   862
    usbd_ctlreq.o               1 622                 1
    usbd_desc.o                   344      152      336
    usbd_dfu.o                  2 184       89      356
    usbd_dfu_flash.o              436       94       28
    usbd_ioreq.o                  188
    ---------------------------------------------------
    Total:                     18 840      354    2 325

command line: [2]
    ---------------------------------------------------
    Total:

dl7M_tln.a: [3]
    abort.o                         6
    dlmalloc.o                  5 336               496
    exit.o                          4
    heaptramp0.o                    4
    low_level_init.o                4
    xgetmemchunk.o                 44                 4
    ---------------------------------------------------
    Total:                      5 398               500

m7M_tls.a: [4]
    fpinit_M.o                     34
    ---------------------------------------------------
    Total:                         34

rt7M_tl.a: [5]
    ABImemcpy.o                   134
    I64DivMod.o                   558
    I64DivZer.o                     2
    XXexit.o                       12
    cexit.o                        10
    cmain.o                        30
    cstartup_M.o                   12
    data_init.o                    40
    packbits_init_single.o         56
    zero_init3.o                   64
    ---------------------------------------------------
    Total:                        918

    Gaps                           18        4
    Linker created                          32    3 072
-------------------------------------------------------
    Grand Total:               25 208      390    5 897


*******************************************************************************
*** ENTRY LIST
***

Entry                      Address   Size  Type      Object
-----                      -------   ----  ----      ------
.iar.init_table$$Base   0x08006130          --   Gb  - Linker created -
.iar.init_table$$Limit  0x08006150          --   Gb  - Linker created -
?main                   0x08006151         Code  Gb  cmain.o [5]
AHBPrescTable           0x08006198   0x10  Data  Gb  system_stm32f4xx.o [1]
BusFault_Handler        0x080060b3    0x2  Code  Gb  stm32f4xx_it.o [1]
CSTACK$$Base            0x20000b10          --   Gb  - Linker created -
CSTACK$$Limit           0x20000f10          --   Gb  - Linker created -
DFU_Abort               0x08004f43   0x66  Code  Lc  usbd_dfu.o [1]
DFU_ClearStatus         0x08004ec5   0x68  Code  Lc  usbd_dfu.o [1]
DFU_Desc                0x20000004   0x1c  Data  Gb  usbd_desc.o [1]
DFU_Detach              0x08004b61   0x8a  Code  Lc  usbd_dfu.o [1]
DFU_Download            0x08004beb   0x96  Code  Lc  usbd_dfu.o [1]
DFU_GetState            0x08004f2d   0x16  Code  Lc  usbd_dfu.o [1]
DFU_GetStatus           0x08004dc5  0x100  Code  Lc  usbd_dfu.o [1]
DFU_Leave               0x08004fa9   0x6e  Code  Lc  usbd_dfu.o [1]
DFU_Upload              0x08004c81  0x144  Code  Lc  usbd_dfu.o [1]
DebugMon_Handler        0x080060b9    0x2  Code  Gb  stm32f4xx_it.o [1]
FLASH_Erase_Sector      0x08005b8f   0x6c  Code  Gb  stm32f4xx_hal_flash_ex.o [1]
FLASH_FlushCaches       0x08005bfb   0x72  Code  Gb  stm32f4xx_hal_flash_ex.o [1]
FLASH_MassErase         0x08005b63   0x2c  Code  Lc  stm32f4xx_hal_flash_ex.o [1]
FLASH_Program_Byte      0x08005801   0x24  Code  Lc  stm32f4xx_hal_flash.o [1]
FLASH_Program_DoubleWord
                        0x08005781   0x30  Code  Lc  stm32f4xx_hal_flash.o [1]
FLASH_Program_HalfWord  0x080057d9   0x28  Code  Lc  stm32f4xx_hal_flash.o [1]
FLASH_Program_Word      0x080057b1   0x28  Code  Lc  stm32f4xx_hal_flash.o [1]
FLASH_SetErrorCode      0x08005825   0x84  Code  Lc  stm32f4xx_hal_flash.o [1]
FLASH_WaitForLastOperation
                        0x0800572b   0x56  Code  Gb  stm32f4xx_hal_flash.o [1]
Flash_If_DeInit         0x08005c83    0xa  Code  Gb  usbd_dfu_flash.o [1]
Flash_If_Erase          0x08005c8d   0x3c  Code  Gb  usbd_dfu_flash.o [1]
Flash_If_GetStatus      0x08005d21   0x26  Code  Gb  usbd_dfu_flash.o [1]
Flash_If_Init           0x08005c79    0xa  Code  Gb  usbd_dfu_flash.o [1]
Flash_If_Read           0x08005d03   0x1e  Code  Gb  usbd_dfu_flash.o [1]
Flash_If_Write          0x08005cc9   0x3a  Code  Gb  usbd_dfu_flash.o [1]
GPIO_Init               0x08005a2b   0x3c  Code  Lc  main.o [1]
GetSector               0x08005d47   0xb8  Code  Lc  usbd_dfu_flash.o [1]
Get_SerialNum           0x08005ed9   0x2a  Code  Lc  usbd_desc.o [1]
HAL_Delay               0x08002369   0x32  Code  Wk  stm32f4xx_hal.o [1]
HAL_FLASHEx_Erase       0x08005aa9   0xba  Code  Gb  stm32f4xx_hal_flash_ex.o [1]
HAL_FLASH_Lock          0x0800571b   0x10  Code  Gb  stm32f4xx_hal_flash.o [1]
HAL_FLASH_Program       0x0800565d   0x98  Code  Gb  stm32f4xx_hal_flash.o [1]
HAL_FLASH_Unlock        0x080056f5   0x26  Code  Gb  stm32f4xx_hal_flash.o [1]
HAL_GPIO_Init           0x08003831  0x21c  Code  Gb  stm32f4xx_hal_gpio.o [1]
HAL_GPIO_ReadPin        0x08003a4d   0x14  Code  Gb  stm32f4xx_hal_gpio.o [1]
HAL_GetTick             0x0800239d    0xc  Code  Wk  stm32f4xx_hal.o [1]
HAL_IncTick             0x080060d5   0x10  Code  Wk  stm32f4xx_hal.o [1]
HAL_Init                0x080023a9   0x2e  Code  Gb  stm32f4xx_hal.o [1]
HAL_InitTick            0x08002581   0x28  Code  Wk  stm32f4xx_hal.o [1]
HAL_NVIC_EnableIRQ      0x08002523    0xe  Code  Gb  stm32f4xx_hal_cortex.o [1]
HAL_NVIC_SetPriority    0x080024f9   0x2a  Code  Gb  stm32f4xx_hal_cortex.o [1]
HAL_NVIC_SetPriorityGrouping
                        0x080024ed    0xc  Code  Gb  stm32f4xx_hal_cortex.o [1]
HAL_PCDEx_SetRxFiFo     0x08003e57    0xc  Code  Gb  stm32f4xx_hal_pcd_ex.o [1]
HAL_PCDEx_SetTxFiFo     0x08003df7   0x60  Code  Gb  stm32f4xx_hal_pcd_ex.o [1]
HAL_PCD_ConnectCallback
                        0x080033f9    0xe  Code  Gb  usbd_conf.o [1]
HAL_PCD_DataInStageCallback
                        0x08003355   0x20  Code  Gb  usbd_conf.o [1]
HAL_PCD_DataOutStageCallback
                        0x08003333   0x22  Code  Gb  usbd_conf.o [1]
HAL_PCD_DisconnectCallback
                        0x08003407    0xe  Code  Gb  usbd_conf.o [1]
HAL_PCD_EP_ClrStall     0x08002f7d   0x64  Code  Gb  stm32f4xx_hal_pcd.o [1]
HAL_PCD_EP_Open         0x08002d95   0x9c  Code  Gb  stm32f4xx_hal_pcd.o [1]
HAL_PCD_EP_Receive      0x08002e31   0x6a  Code  Gb  stm32f4xx_hal_pcd.o [1]
HAL_PCD_EP_SetStall     0x08002f05   0x78  Code  Gb  stm32f4xx_hal_pcd.o [1]
HAL_PCD_EP_Transmit     0x08002e9b   0x6a  Code  Gb  stm32f4xx_hal_pcd.o [1]
HAL_PCD_IRQHandler      0x0800273d  0x600  Code  Gb  stm32f4xx_hal_pcd.o [1]
HAL_PCD_ISOINIncompleteCallback
                        0x080033e5   0x14  Code  Gb  usbd_conf.o [1]
HAL_PCD_ISOOUTIncompleteCallback
                        0x080033d1   0x14  Code  Gb  usbd_conf.o [1]
HAL_PCD_Init            0x080025a9  0x136  Code  Gb  stm32f4xx_hal_pcd.o [1]
HAL_PCD_MspInit         0x080030db  0x246  Code  Gb  usbd_conf.o [1]
HAL_PCD_ResetCallback   0x08003383   0x32  Code  Gb  usbd_conf.o [1]
HAL_PCD_ResumeCallback  0x080033c3    0xe  Code  Gb  usbd_conf.o [1]
HAL_PCD_SOFCallback     0x08003375    0xe  Code  Gb  usbd_conf.o [1]
HAL_PCD_SetAddress      0x08002d69   0x2c  Code  Gb  stm32f4xx_hal_pcd.o [1]
HAL_PCD_SetupStageCallback
                        0x08003321   0x12  Code  Gb  usbd_conf.o [1]
HAL_PCD_Start           0x080026df   0x2c  Code  Gb  stm32f4xx_hal_pcd.o [1]
HAL_PCD_Stop            0x0800270b   0x32  Code  Gb  stm32f4xx_hal_pcd.o [1]
HAL_PCD_SuspendCallback
                        0x080033b5    0xe  Code  Gb  usbd_conf.o [1]
HAL_RCCEx_PeriphCLKConfig
                        0x080053c9  0x14a  Code  Gb  stm32f4xx_hal_rcc_ex.o [1]
HAL_RCC_ClockConfig     0x08003639  0x14a  Code  Gb  stm32f4xx_hal_rcc.o [1]
HAL_RCC_DeInit          0x08005513  0x106  Code  Gb  stm32f4xx_hal_rcc_ex.o [1]
HAL_RCC_GetHCLKFreq     0x08003783    0x6  Code  Gb  stm32f4xx_hal_rcc.o [1]
HAL_RCC_OscConfig       0x08005039  0x390  Code  Wk  stm32f4xx_hal_rcc.o [1]
HAL_SYSTICK_CLKSourceConfig
                        0x0800253d   0x20  Code  Gb  stm32f4xx_hal_cortex.o [1]
HAL_SYSTICK_Config      0x08002531    0xc  Code  Gb  stm32f4xx_hal_cortex.o [1]
HEAP$$Base              0x20000f10          --   Gb  - Linker created -
HEAP$$Limit             0x20001710          --   Gb  - Linker created -
HardFault_Handler       0x080060af    0x2  Code  Gb  stm32f4xx_it.o [1]
IntToUnicode            0x08005f3d   0x48  Code  Lc  usbd_desc.o [1]
JumpAddress             0x20000afc    0x4  Data  Gb  main.o [1]
JumpToApplication       0x20000af8    0x4  Data  Gb  main.o [1]
MemManage_Handler       0x080060b1    0x2  Code  Gb  stm32f4xx_it.o [1]
NMI_Handler             0x080060ad    0x2  Code  Gb  stm32f4xx_it.o [1]
NVIC_EncodePriority     0x0800247b   0x42  Code  Lc  stm32f4xx_hal_cortex.o [1]
NVIC_SystemReset        0x080047ad   0x22  Code  Lc  usbd_dfu.o [1]
OTG_FS_IRQHandler       0x080060c5    0xa  Code  Gb  stm32f4xx_it.o [1]
PCD_WriteEmptyTxFifo    0x08002fe1   0xd0  Code  Lc  stm32f4xx_hal_pcd.o [1]
PendSV_Handler          0x080060bb    0x2  Code  Gb  stm32f4xx_it.o [1]
Pol_Delay_us2           0x080023d7   0x20  Code  Lc  stm32f4xx_hal.o [1]
Region$$Table$$Base     0x08006130          --   Gb  - Linker created -
Region$$Table$$Limit    0x08006150          --   Gb  - Linker created -
SVC_Handler             0x080060b7    0x2  Code  Gb  stm32f4xx_it.o [1]
SysTick_Config          0x080024bd   0x30  Code  Lc  stm32f4xx_hal_cortex.o [1]
SysTick_Handler         0x080060bd    0x8  Code  Gb  stm32f4xx_it.o [1]
SystemClock_Config      0x0800596b   0xc0  Code  Lc  main.o [1]
SystemCoreClock         0x20000000    0x4  Data  Gb  system_stm32f4xx.o [1]
SystemInit              0x08005f85   0x4c  Code  Gb  system_stm32f4xx.o [1]
USBD_ClrClassConfig     0x08003b43   0x18  Code  Gb  usbd_core.o [1]
USBD_ClrFeature         0x08004617   0x3a  Code  Lc  usbd_ctlreq.o [1]
USBD_CtlContinueRx      0x08004759   0x1a  Code  Gb  usbd_ioreq.o [1]
USBD_CtlContinueSendData
                        0x08004713   0x1a  Code  Gb  usbd_ioreq.o [1]
USBD_CtlError           0x08004679   0x18  Code  Gb  usbd_ctlreq.o [1]
USBD_CtlPrepareRx       0x0800472d   0x2c  Code  Gb  usbd_ioreq.o [1]
USBD_CtlReceiveStatus   0x0800478d   0x1a  Code  Gb  usbd_ioreq.o [1]
USBD_CtlSendData        0x080046eb   0x28  Code  Gb  usbd_ioreq.o [1]
USBD_CtlSendStatus      0x08004773   0x1a  Code  Gb  usbd_ioreq.o [1]
USBD_DFU                0x20000054   0x3c  Data  Gb  usbd_dfu.o [1]
USBD_DFU_CfgDesc        0x20000090   0x1c  Data  Lc  usbd_dfu.o [1]
USBD_DFU_ConfigStrDescriptor
                        0x08005e8d   0x26  Code  Gb  usbd_desc.o [1]
USBD_DFU_DataIn         0x080049a9    0x6  Code  Lc  usbd_dfu.o [1]
USBD_DFU_DataOut        0x08004b19    0x6  Code  Lc  usbd_dfu.o [1]
USBD_DFU_DeInit         0x0800484f   0x4a  Code  Lc  usbd_dfu.o [1]
USBD_DFU_DeviceDescriptor
                        0x08005e2d    0xa  Code  Gb  usbd_desc.o [1]
USBD_DFU_DeviceQualifierDesc
                        0x200000ac    0xc  Data  Lc  usbd_dfu.o [1]
USBD_DFU_EP0_RxReady    0x080049af    0x6  Code  Lc  usbd_dfu.o [1]
USBD_DFU_EP0_TxReady    0x080049b5  0x152  Code  Lc  usbd_dfu.o [1]
USBD_DFU_Flash_fops     0x200000b8   0x1c  Data  Gb  usbd_dfu_flash.o [1]
USBD_DFU_GetCfgDesc     0x0800499d    0xc  Code  Lc  usbd_dfu.o [1]
USBD_DFU_GetDeviceQualifierDesc
                        0x08004b1f    0xc  Code  Lc  usbd_dfu.o [1]
USBD_DFU_GetUsrStringDesc
                        0x08004b2b   0x28  Code  Lc  usbd_dfu.o [1]
USBD_DFU_GetUsrStringDesc::USBD_StrDesc
                        0x200009c0  0x100  Data  Lc  usbd_dfu.o [1]
USBD_DFU_Init           0x080047cf   0x80  Code  Lc  usbd_dfu.o [1]
USBD_DFU_InterfaceStrDescriptor
                        0x08005eb3   0x26  Code  Gb  usbd_desc.o [1]
USBD_DFU_IsoINIncomplete
                        0x08004b0d    0x6  Code  Lc  usbd_dfu.o [1]
USBD_DFU_IsoOutIncomplete
                        0x08004b13    0x6  Code  Lc  usbd_dfu.o [1]
USBD_DFU_LangIDStrDescriptor
                        0x08005e37    0xa  Code  Gb  usbd_desc.o [1]
USBD_DFU_ManufacturerStrDescriptor
                        0x08005e67   0x14  Code  Gb  usbd_desc.o [1]
USBD_DFU_ProductStrDescriptor
                        0x08005e41   0x26  Code  Gb  usbd_desc.o [1]
USBD_DFU_RegisterMedia  0x08004b53    0xe  Code  Gb  usbd_dfu.o [1]
USBD_DFU_SOF            0x08004b07    0x6  Code  Lc  usbd_dfu.o [1]
USBD_DFU_SerialStrDescriptor
                        0x08005e7b   0x12  Code  Gb  usbd_desc.o [1]
USBD_DFU_Setup          0x08004899  0x104  Code  Lc  usbd_dfu.o [1]
USBD_Device             0x200004c4  0x224  Data  Gb  main.o [1]
USBD_DeviceDesc         0x20000020   0x14  Data  Gb  usbd_desc.o [1]
USBD_GetConfig          0x08004569   0x4c  Code  Lc  usbd_ctlreq.o [1]
USBD_GetDescriptor      0x080042c9  0x160  Code  Lc  usbd_ctlreq.o [1]
USBD_GetLen             0x080046d7   0x14  Code  Lc  usbd_ctlreq.o [1]
USBD_GetStatus          0x080045b5   0x3c  Code  Lc  usbd_ctlreq.o [1]
USBD_GetString          0x08004691   0x46  Code  Gb  usbd_ctlreq.o [1]
USBD_Init               0x08003a99   0x38  Code  Gb  usbd_core.o [1]
USBD_LL_ClearStallEP    0x08003511   0x16  Code  Gb  usbd_conf.o [1]
USBD_LL_DataInStage     0x08003c53   0xe2  Code  Gb  usbd_core.o [1]
USBD_LL_DataOutStage    0x08003bc5   0x8e  Code  Gb  usbd_core.o [1]
USBD_LL_DevConnected    0x08003dd5    0x6  Code  Gb  usbd_core.o [1]
USBD_LL_DevDisconnected
                        0x08003ddb   0x1c  Code  Gb  usbd_core.o [1]
USBD_LL_Init            0x08003415   0x74  Code  Gb  usbd_conf.o [1]
USBD_LL_IsStallEP       0x08003527   0x34  Code  Gb  usbd_conf.o [1]
USBD_LL_IsoINIncomplete
                        0x08003dc9    0x6  Code  Gb  usbd_core.o [1]
USBD_LL_IsoOUTIncomplete
                        0x08003dcf    0x6  Code  Gb  usbd_core.o [1]
USBD_LL_OpenEP          0x080034d9   0x22  Code  Gb  usbd_conf.o [1]
USBD_LL_PrepareReceive  0x08003591   0x20  Code  Gb  usbd_conf.o [1]
USBD_LL_Reset           0x08003d35   0x46  Code  Gb  usbd_core.o [1]
USBD_LL_Resume          0x08003d97    0xe  Code  Gb  usbd_core.o [1]
USBD_LL_SOF             0x08003da5   0x24  Code  Gb  usbd_core.o [1]
USBD_LL_SetSpeed        0x08003d7b    0x8  Code  Gb  usbd_core.o [1]
USBD_LL_SetUSBAddress   0x0800355b   0x16  Code  Gb  usbd_conf.o [1]
USBD_LL_SetupStage      0x08003b5b   0x6a  Code  Gb  usbd_core.o [1]
USBD_LL_StallEP         0x080034fb   0x16  Code  Gb  usbd_conf.o [1]
USBD_LL_Start           0x080034b9   0x10  Code  Gb  usbd_conf.o [1]
USBD_LL_Stop            0x080034c9   0x10  Code  Gb  usbd_conf.o [1]
USBD_LL_Suspend         0x08003d83   0x14  Code  Gb  usbd_core.o [1]
USBD_LL_Transmit        0x08003571   0x20  Code  Gb  usbd_conf.o [1]
USBD_LangIDDesc         0x20000034    0x4  Data  Gb  usbd_desc.o [1]
USBD_ParseSetupRequest  0x08004651   0x28  Code  Gb  usbd_ctlreq.o [1]
USBD_RegisterClass      0x08003ad1   0x16  Code  Gb  usbd_core.o [1]
USBD_RunTestMode        0x08003b11    0x6  Code  Gb  usbd_core.o [1]
USBD_SetAddress         0x08004429   0x60  Code  Lc  usbd_ctlreq.o [1]
USBD_SetClassConfig     0x08003b17   0x2c  Code  Gb  usbd_core.o [1]
USBD_SetConfig          0x08004489   0xda  Code  Lc  usbd_ctlreq.o [1]
USBD_SetConfig::cfgidx  0x20000b08    0x1  Data  Lc  usbd_ctlreq.o [1]
USBD_SetFeature         0x080045f1   0x26  Code  Lc  usbd_ctlreq.o [1]
USBD_Start              0x08003ae7    0xe  Code  Gb  usbd_core.o [1]
USBD_StdDevReq          0x08004095   0x7c  Code  Gb  usbd_ctlreq.o [1]
USBD_StdEPReq           0x0800415d  0x16c  Code  Gb  usbd_ctlreq.o [1]
USBD_StdItfReq          0x08004111   0x4c  Code  Gb  usbd_ctlreq.o [1]
USBD_Stop               0x08003af5   0x1c  Code  Gb  usbd_core.o [1]
USBD_StrDesc            0x200008c0  0x100  Data  Gb  usbd_desc.o [1]
USBD_StringSerial       0x20000038   0x1c  Data  Gb  usbd_desc.o [1]
USB_ActivateEndpoint    0x080019b7   0xc0  Code  Gb  stm32f4xx_ll_usb.o [1]
USB_ActivateSetup       0x08002287   0x44  Code  Gb  stm32f4xx_ll_usb.o [1]
USB_CoreInit            0x080016a1   0x6e  Code  Gb  stm32f4xx_ll_usb.o [1]
USB_CoreReset           0x08002323   0x36  Code  Lc  stm32f4xx_ll_usb.o [1]
USB_DevConnect          0x080021c9   0x1e  Code  Gb  stm32f4xx_ll_usb.o [1]
USB_DevDisconnect       0x080021e7   0x1e  Code  Gb  stm32f4xx_ll_usb.o [1]
USB_DevInit             0x08001761  0x1ae  Code  Gb  stm32f4xx_ll_usb.o [1]
USB_DisableGlobalInt    0x0800171d    0xe  Code  Gb  stm32f4xx_ll_usb.o [1]
USB_EP0StartXfer        0x08001dbd  0x1ea  Code  Gb  stm32f4xx_ll_usb.o [1]
USB_EP0_OutStart        0x080022cb   0x58  Code  Gb  stm32f4xx_ll_usb.o [1]
USB_EPClearStall        0x080020ad   0x96  Code  Gb  stm32f4xx_ll_usb.o [1]
USB_EPSetStall          0x0800200f   0x9e  Code  Gb  stm32f4xx_ll_usb.o [1]
USB_EPStartXfer         0x08001a77  0x340  Code  Gb  stm32f4xx_ll_usb.o [1]
USB_EnableGlobalInt     0x0800170f    0xe  Code  Gb  stm32f4xx_ll_usb.o [1]
USB_FlushRxFifo         0x08001933   0x20  Code  Gb  stm32f4xx_ll_usb.o [1]
USB_FlushTxFifo         0x0800190f   0x24  Code  Gb  stm32f4xx_ll_usb.o [1]
USB_GetDevSpeed         0x08001969   0x4e  Code  Gb  stm32f4xx_ll_usb.o [1]
USB_GetMode             0x0800227f    0x8  Code  Gb  stm32f4xx_ll_usb.o [1]
USB_ReadDevAllInEpInterrupt
                        0x08002225   0x14  Code  Gb  stm32f4xx_ll_usb.o [1]
USB_ReadDevAllOutEpInterrupt
                        0x08002211   0x14  Code  Gb  stm32f4xx_ll_usb.o [1]
USB_ReadDevInEPInterrupt
                        0x08002251   0x2e  Code  Gb  stm32f4xx_ll_usb.o [1]
USB_ReadDevOutEPInterrupt
                        0x08002239   0x18  Code  Gb  stm32f4xx_ll_usb.o [1]
USB_ReadInterrupts      0x08002205    0xc  Code  Gb  stm32f4xx_ll_usb.o [1]
USB_ReadPacket          0x08001fe9   0x26  Code  Gb  stm32f4xx_ll_usb.o [1]
USB_SetCurrentMode      0x0800172b   0x36  Code  Gb  stm32f4xx_ll_usb.o [1]
USB_SetDevAddress       0x0800219d   0x2c  Code  Gb  stm32f4xx_ll_usb.o [1]
USB_SetDevSpeed         0x08001953   0x16  Code  Gb  stm32f4xx_ll_usb.o [1]
USB_StopDevice          0x08002143   0x5a  Code  Gb  stm32f4xx_ll_usb.o [1]
USB_WritePacket         0x08001fa7   0x42  Code  Gb  stm32f4xx_ll_usb.o [1]
UsageFault_Handler      0x080060b5    0x2  Code  Gb  stm32f4xx_it.o [1]
__NVIC_EnableIRQ        0x08002437   0x1e  Code  Lc  stm32f4xx_hal_cortex.o [1]
__NVIC_GetPriorityGrouping
                        0x0800242b    0xc  Code  Lc  stm32f4xx_hal_cortex.o [1]
__NVIC_SetPriority      0x08002455   0x26  Code  Lc  stm32f4xx_hal_cortex.o [1]
__NVIC_SetPriority      0x080030b1   0x2a  Code  Lc  usbd_conf.o [1]
__NVIC_SetPriorityGrouping
                        0x08002409   0x22  Code  Lc  stm32f4xx_hal_cortex.o [1]
__aeabi_ldiv0           0x080047a9         Code  Gb  I64DivZer.o [5]
__aeabi_memcpy4         0x080035b1         Code  Gb  ABImemcpy.o [5]
__aeabi_memcpy8         0x080035b1         Code  Gb  ABImemcpy.o [5]
__aeabi_uldivmod        0x08003e65         Code  Gb  I64DivMod.o [5]
__cmain                 0x08006151         Code  Gb  cmain.o [5]
__data_GetMemChunk      0x08001669   0x2c  Code  Gb  xgetmemchunk.o [3]
__data_GetMemChunk::start
                        0x20000b04    0x4  Data  Lc  xgetmemchunk.o [3]
__exit                  0x08001695         Code  Gb  XXexit.o [5]
__iar_data_init3        0x080060e5   0x28  Code  Gb  data_init.o [5]
__iar_dlfree            0x08001167  0x4f6  Code  Gb  dlmalloc.o [3]
__iar_dlmalloc          0x08000eb1  0x2b6  Code  Gb  dlmalloc.o [3]
__iar_init_vfp          0x0800610d         Code  Gb  fpinit_M.o [4]
__iar_packbits_init_single3
                        0x08006075   0x38  Code  Gb  packbits_init_single.o [5]
__iar_program_start     0x080061f5         Code  Gb  cstartup_M.o [5]
__iar_systems$$module {Abs}
                        0x00000001         Data  Gb  command line/config [2]
__iar_zero_init3        0x08006035   0x40  Code  Gb  zero_init3.o [5]
__low_level_init        0x0800616f    0x4  Code  Gb  low_level_init.o [3]
__vector_table          0x08000000         Data  Gb  startup_stm32f407xx.o [1]
_call_main              0x0800615d         Code  Gb  cmain.o [5]
_exit                   0x08006179         Code  Gb  cexit.o [5]
_gm_                    0x200006e8  0x1d8  Data  Lc  dlmalloc.o [3]
_main                   0x0800616b         Code  Gb  cmain.o [5]
abort                   0x08001661    0x6  Code  Gb  abort.o [3]
add_segment             0x0800054d  0x1fc  Code  Lc  dlmalloc.o [3]
exit                    0x08006173    0x4  Code  Gb  exit.o [3]
free                    0x08005035    0x4  Code  Gb  heaptramp0.o [3]
hpcd                    0x200000d4  0x3f0  Data  Gb  usbd_conf.o [1]
init_mparams            0x080001a7   0x32  Code  Lc  dlmalloc.o [3]
init_top                0x080001d9   0x32  Code  Lc  dlmalloc.o [3]
main                    0x080058c5   0xa6  Code  Gb  main.o [1]
mparams                 0x20000ae0   0x18  Data  Lc  dlmalloc.o [3]
pFlash                  0x20000ac0   0x20  Data  Gb  stm32f4xx_hal_flash.o [1]
prepend_alloc           0x0800020b  0x342  Code  Lc  dlmalloc.o [3]
segment_holding         0x08000189   0x1e  Code  Lc  dlmalloc.o [3]
sys_alloc               0x0800074f  0x160  Code  Lc  dlmalloc.o [3]
sys_trim                0x080008af   0x66  Code  Lc  dlmalloc.o [3]
tmalloc_large           0x08000921  0x384  Code  Lc  dlmalloc.o [3]
tmalloc_small           0x08000ca5  0x1fe  Code  Lc  dlmalloc.o [3]
uwTick                  0x20000b00    0x4  Data  Gb  stm32f4xx_hal.o [1]


[1] = D:\STM32F4\NewIHM8Git\DFU_Standalone\EWARM\STM324xG-EVAL_USBD-FS\Obj
[2] = command line
[3] = dl7M_tln.a
[4] = m7M_tls.a
[5] = rt7M_tl.a

  25 208 bytes of readonly  code memory
     390 bytes of readonly  data memory
   5 897 bytes of readwrite data memory

Errors: none
Warnings: none
