###############################################################################
#
# IAR ELF Linker V8.20.1.14183/W32 for ARM                05/Jan/2024  12:54:27
# Copyright 2007-2017 IAR Systems AB.
#
#    Output file  =  D:\STM32F4\NewIHM8Git\EWARM\NewIHM8\Exe\NewIHM8.out.tmp
#    Map file     =  D:\STM32F4\NewIHM8Git\EWARM\NewIHM8\List\NewIHM8.map
#    Command line =  
#        -f C:\Users\topgu\AppData\Local\Temp\EW3B9A.tmp
#        (D:\STM32F4\NewIHM8Git\EWARM\NewIHM8\Obj\AcbMccbControl.o
#        D:\STM32F4\NewIHM8Git\EWARM\NewIHM8\Obj\AcbMccbEvent.o
#        D:\STM32F4\NewIHM8Git\EWARM\NewIHM8\Obj\AcbMccbHwSet.o
#        D:\STM32F4\NewIHM8Git\EWARM\NewIHM8\Obj\AcbMccbInfo.o
#        D:\STM32F4\NewIHM8Git\EWARM\NewIHM8\Obj\AcbMccbMeasurement.o
#        D:\STM32F4\NewIHM8Git\EWARM\NewIHM8\Obj\AcbMccbRelaySet.o
#        D:\STM32F4\NewIHM8Git\EWARM\NewIHM8\Obj\backlight.o
#        D:\STM32F4\NewIHM8Git\EWARM\NewIHM8\Obj\BSP.o
#        D:\STM32F4\NewIHM8Git\EWARM\NewIHM8\Obj\cyrillic16_16x16.o
#        D:\STM32F4\NewIHM8Git\EWARM\NewIHM8\Obj\cyrillic20_20x20.o
#        D:\STM32F4\NewIHM8Git\EWARM\NewIHM8\Obj\cyrillic_24x24.o
#        D:\STM32F4\NewIHM8Git\EWARM\NewIHM8\Obj\GUI_X_embOS.o
#        D:\STM32F4\NewIHM8Git\EWARM\NewIHM8\Obj\GUIConf.o
#        D:\STM32F4\NewIHM8Git\EWARM\NewIHM8\Obj\GuiData.o
#        D:\STM32F4\NewIHM8Git\EWARM\NewIHM8\Obj\HardFaultHandler.o
#        D:\STM32F4\NewIHM8Git\EWARM\NewIHM8\Obj\Image.o
#        D:\STM32F4\NewIHM8Git\EWARM\NewIHM8\Obj\JLINKMEM_Process.o
#        D:\STM32F4\NewIHM8Git\EWARM\NewIHM8\Obj\lcd.o
#        D:\STM32F4\NewIHM8Git\EWARM\NewIHM8\Obj\LCDConf_FlexColor_Hmi.o
#        D:\STM32F4\NewIHM8Git\EWARM\NewIHM8\Obj\LS-font16_.o
#        D:\STM32F4\NewIHM8Git\EWARM\NewIHM8\Obj\LS-Font20b_.o
#        D:\STM32F4\NewIHM8Git\EWARM\NewIHM8\Obj\LS-Font20n_.o
#        D:\STM32F4\NewIHM8Git\EWARM\NewIHM8\Obj\LS-font24_.o
#        D:\STM32F4\NewIHM8Git\EWARM\NewIHM8\Obj\LS-font_24x24.o
#        D:\STM32F4\NewIHM8Git\EWARM\NewIHM8\Obj\main.o
#        D:\STM32F4\NewIHM8Git\EWARM\NewIHM8\Obj\MainMenu.o
#        D:\STM32F4\NewIHM8Git\EWARM\NewIHM8\Obj\MenuDLG.o
#        D:\STM32F4\NewIHM8Git\EWARM\NewIHM8\Obj\MLinkControl.o
#        D:\STM32F4\NewIHM8Git\EWARM\NewIHM8\Obj\MLinkEvent.o
#        D:\STM32F4\NewIHM8Git\EWARM\NewIHM8\Obj\MLinkHwSet.o
#        D:\STM32F4\NewIHM8Git\EWARM\NewIHM8\Obj\MLinkInfo.o
#        D:\STM32F4\NewIHM8Git\EWARM\NewIHM8\Obj\MLinkIOSet.o
#        D:\STM32F4\NewIHM8Git\EWARM\NewIHM8\Obj\MLinkOverview.o
#        D:\STM32F4\NewIHM8Git\EWARM\NewIHM8\Obj\modbus.o
#        D:\STM32F4\NewIHM8Git\embOS_CortexM_IAR_V6_Src_V438\Start\Lib\os7m_tlv_dp.a
#        D:\STM32F4\NewIHM8Git\EWARM\NewIHM8\Obj\OS_Error.o
#        D:\STM32F4\NewIHM8Git\EWARM\NewIHM8\Obj\PasswordChange.o
#        D:\STM32F4\NewIHM8Git\EWARM\NewIHM8\Obj\RTOSInit_STM32F4x_CMSIS.o
#        D:\STM32F4\NewIHM8Git\EWARM\NewIHM8\Obj\SEGGER_HardFaultHandler.o
#        D:\STM32F4\NewIHM8Git\EWARM\NewIHM8\Obj\SEGGER_RTT.o
#        D:\STM32F4\NewIHM8Git\EWARM\NewIHM8\Obj\SEGGER_RTT_printf.o
#        D:\STM32F4\NewIHM8Git\EWARM\NewIHM8\Obj\SEGGER_SYSVIEW.o
#        D:\STM32F4\NewIHM8Git\EWARM\NewIHM8\Obj\SEGGER_SYSVIEW_Config_embOS.o
#        D:\STM32F4\NewIHM8Git\EWARM\NewIHM8\Obj\SEGGER_SYSVIEW_embOS.o
#        D:\STM32F4\NewIHM8Git\EWARM\NewIHM8\Obj\SettingInput.o
#        D:\STM32F4\NewIHM8Git\EWARM\NewIHM8\Obj\SettingTime.o
#        D:\STM32F4\NewIHM8Git\EWARM\NewIHM8\Obj\Setup.o
#        D:\STM32F4\NewIHM8Git\EWARM\NewIHM8\Obj\startup_stm32f407xx.o
#        D:\STM32F4\NewIHM8Git\Middlewares\ST\STemWin\Lib\STemWin540_CM4_OS_IAR.a
#        D:\STM32F4\NewIHM8Git\EWARM\NewIHM8\Obj\stm32f4xx_hal.o
#        D:\STM32F4\NewIHM8Git\EWARM\NewIHM8\Obj\stm32f4xx_hal_adc.o
#        D:\STM32F4\NewIHM8Git\EWARM\NewIHM8\Obj\stm32f4xx_hal_cortex.o
#        D:\STM32F4\NewIHM8Git\EWARM\NewIHM8\Obj\stm32f4xx_hal_crc.o
#        D:\STM32F4\NewIHM8Git\EWARM\NewIHM8\Obj\stm32f4xx_hal_dma.o
#        D:\STM32F4\NewIHM8Git\EWARM\NewIHM8\Obj\stm32f4xx_hal_dma_ex.o
#        D:\STM32F4\NewIHM8Git\EWARM\NewIHM8\Obj\stm32f4xx_hal_flash.o
#        D:\STM32F4\NewIHM8Git\EWARM\NewIHM8\Obj\stm32f4xx_hal_flash_ex.o
#        D:\STM32F4\NewIHM8Git\EWARM\NewIHM8\Obj\stm32f4xx_hal_flash_ramfunc.o
#        D:\STM32F4\NewIHM8Git\EWARM\NewIHM8\Obj\stm32f4xx_hal_gpio.o
#        D:\STM32F4\NewIHM8Git\EWARM\NewIHM8\Obj\stm32f4xx_hal_hcd.o
#        D:\STM32F4\NewIHM8Git\EWARM\NewIHM8\Obj\stm32f4xx_hal_i2c.o
#        D:\STM32F4\NewIHM8Git\EWARM\NewIHM8\Obj\stm32f4xx_hal_iwdg.o
#        D:\STM32F4\NewIHM8Git\EWARM\NewIHM8\Obj\stm32f4xx_hal_msp.o
#        D:\STM32F4\NewIHM8Git\EWARM\NewIHM8\Obj\stm32f4xx_hal_pcd.o
#        D:\STM32F4\NewIHM8Git\EWARM\NewIHM8\Obj\stm32f4xx_hal_pcd_ex.o
#        D:\STM32F4\NewIHM8Git\EWARM\NewIHM8\Obj\stm32f4xx_hal_pwr.o
#        D:\STM32F4\NewIHM8Git\EWARM\NewIHM8\Obj\stm32f4xx_hal_pwr_ex.o
#        D:\STM32F4\NewIHM8Git\EWARM\NewIHM8\Obj\stm32f4xx_hal_rcc.o
#        D:\STM32F4\NewIHM8Git\EWARM\NewIHM8\Obj\stm32f4xx_hal_rcc_ex.o
#        D:\STM32F4\NewIHM8Git\EWARM\NewIHM8\Obj\stm32f4xx_hal_rtc.o
#        D:\STM32F4\NewIHM8Git\EWARM\NewIHM8\Obj\stm32f4xx_hal_rtc_ex.o
#        D:\STM32F4\NewIHM8Git\EWARM\NewIHM8\Obj\stm32f4xx_hal_spi.o
#        D:\STM32F4\NewIHM8Git\EWARM\NewIHM8\Obj\stm32f4xx_hal_sram.o
#        D:\STM32F4\NewIHM8Git\EWARM\NewIHM8\Obj\stm32f4xx_hal_tim.o
#        D:\STM32F4\NewIHM8Git\EWARM\NewIHM8\Obj\stm32f4xx_hal_tim_ex.o
#        D:\STM32F4\NewIHM8Git\EWARM\NewIHM8\Obj\stm32f4xx_hal_timebase_TIM.o
#        D:\STM32F4\NewIHM8Git\EWARM\NewIHM8\Obj\stm32f4xx_hal_uart.o
#        D:\STM32F4\NewIHM8Git\EWARM\NewIHM8\Obj\stm32f4xx_it.o
#        D:\STM32F4\NewIHM8Git\EWARM\NewIHM8\Obj\stm32f4xx_ll_fsmc.o
#        D:\STM32F4\NewIHM8Git\EWARM\NewIHM8\Obj\stm32f4xx_ll_usb.o
#        D:\STM32F4\NewIHM8Git\EWARM\NewIHM8\Obj\system_stm32f4xx.o --redirect
#        _Printf=_PrintfFull --redirect _Scanf=_ScanfFull -o
#        D:\STM32F4\NewIHM8Git\EWARM\NewIHM8\Exe\NewIHM8.out.tmp --map
#        D:\STM32F4\NewIHM8Git\EWARM\NewIHM8\List\NewIHM8.map --log call_graph
#        --log_file D:\STM32F4\NewIHM8Git\EWARM\NewIHM8\List\NewIHM8.log
#        --config D:\STM32F4\NewIHM8Git\EWARM\stm32f407xx_flash.icf
#        --semihosting --entry __iar_program_start --redirect
#        __iar_sh_stdout=__iar_sh_stdout_swo --vfe --text_out locale)
#
###############################################################################

*******************************************************************************
*** MESSAGES
***

Warning[Lt009]: Inconsistent wchar_t size
            GUI_Core.o(STemWin540_CM4_OS_IAR.a) and 141 other objects in 14
                      different libraries have wchar_t size 16 bits
            AcbMccbControl.o and 106 other objects, some of them in dl7M_tlf.a
                      and 13 other libraries have wchar_t size 32 bits


*******************************************************************************
*** RUNTIME MODEL ATTRIBUTES
***

CppFlavor       = *
__SystemLibrary = DLib
__dlib_version  = 6


*******************************************************************************
*** HEAP SELECTION
***

The basic heap was selected because no calls to memory allocation
functions were found in the application outside of system library
functions, and there are calls to deallocation functions in the
application.


*******************************************************************************
*** PLACEMENT SUMMARY
***

"A0":  place at 0x0800c000 { ro section .intvec };
"P1":  place in [from 0x0800c000 to 0x080fffff] { ro };
define block CSTACK with size = 2K, alignment = 8 { };
"P3":  place in [from 0x10000000 to 0x1000ffff] {
          block CSTACK, section .ccram };
define block HEAP with size = 1K, alignment = 8 { };
"P4":  place in [from 0x20000000 to 0x2001bfff] |
                [from 0x2001c000 to 0x2001ffff] { rw, block HEAP };
initialize by copy { rw };

No sections matched the following patterns:

  ro section application_specific_ro  in "P2"
  section .backup_sram                in "P5"
  section .ccram                      in "P3"


  Section            Kind        Address     Size  Object
  -------            ----        -------     ----  ------
"A0":                                       0x188
  .intvec                     0x0800c000    0x188  <Block>
    .intvec          ro code  0x0800c000    0x188  startup_stm32f407xx.o [1]
                            - 0x0800c188    0x188

"P1":                                     0x8cdad
  .rodata            const    0x0800c188  0x22230  Image.o [1]
  .rodata            const    0x0802e3b8   0xacb4  LS-font24_.o [1]
  .rodata            const    0x0803906c   0x9638  LS-Font20b_.o [1]
  .rodata            const    0x080426a4   0x9520  LS-Font20n_.o [1]
  .rodata            const    0x0804bbc4   0x8b7c  LS-font_24x24.o [1]
  .rodata            const    0x08054740   0x6584  LS-font16_.o [1]
  .rodata            const    0x0805acc4   0x56f8  cyrillic_24x24.o [1]
  .rodata            const    0x080603bc   0x4780  cyrillic16_16x16.o [1]
  .rodata            const    0x08064b3c   0x46d0  cyrillic20_20x20.o [1]
  .rodata            const    0x0806920c   0x2e6c  GuiData.o [1]
  .rodata            const    0x0806c078   0x1ea8  F32B_ASCII.o [3]
  .rodata            const    0x0806df20   0x1c48  F32_ASCII.o [3]
  .text              ro code  0x0806fb68   0x1604  MainMenu.o [1]
  .text              ro code  0x0807116c    0x304  GUI_Common.o [3]
  .text              ro code  0x08071470     0x40  sprintf.o [4]
  .text              ro code  0x080714b0     0x48  FltToDbl.o [5]
  .text              ro code  0x080714f8     0x68  DblToFlt.o [5]
  .text              ro code  0x08071560     0x2e  DblCmpLe.o [5]
  .text              ro code  0x0807158e     0x1e  xencoding_8859_1.o [4]
  .text              ro code  0x080715ac    0x1fc  GUI_Core.o [3]
  .text              ro code  0x080717a8    0x19c  GUI_DrawLib.o [3]
  .text              ro code  0x08071944    0x198  GUI_DispString.o [3]
  .text              ro code  0x08071adc    0xa68  modbus.o [1]
  .text              ro code  0x08072544    0x1a2  DblMul.o [5]
  .text              ro code  0x080726e6      0xa  xsprout.o [4]
  .text              ro code  0x080726f0    0x246  DblDiv.o [5]
  .text              ro code  0x08072936      0x2  GUICC_888_Index2Color.o [3]
  .text              ro code  0x08072938     0x62  round.o [5]
  .text              ro code  0x0807299a      0x2  GUICC_8888_Index2Color.o [3]
  .text              ro code  0x0807299c    0x42c  MLinkOverview.o [1]
  .text              ro code  0x08072dc8    0xcfc  GUI_BMP.o [3]
  .text              ro code  0x08073ac4      0xc  stm32f4xx_hal.o [1]
  .text              ro code  0x08073ad0     0xf4  GUI_Circ.o [3]
  .text              ro code  0x08073bc4     0x36  strlen.o [7]
  .text              ro code  0x08073bfc   0x156c  main.o [1]
  .text              ro code  0x08075168     0x4c  strcpy.o [7]
  .text              ro code  0x080751b4     0x66  ABImemset.o [7]
  .text              ro code  0x0807521c      0x6  ABImemclr.o [7]
  .text              ro code  0x08075224    0x304  OS_Task.o [6]
  .text              ro code  0x08075528    0xea8  Setup.o [1]
  .text              ro code  0x080763d0    0x7d8  MenuDLG.o [1]
  .text              ro code  0x08076ba8    0x600  WM_Lib.o [3]
  .text              ro code  0x080771a8   0x11d0  WM.o [3]
  .text              ro code  0x08078378     0x68  GUI_Time.o [3]
  .text              ro code  0x080783e0     0xfc  backlight.o [1]
  .text              ro code  0x080784dc    0x1d8  lcd.o [1]
  .text              ro code  0x080786b4    0x14c  GUI_Task.o [3]
  .text              ro code  0x08078800     0x18  LCD_GetColorIndex.o [3]
  .text              ro code  0x08078818    0x5c8  LCD.o [3]
  .text              ro code  0x08078de0     0xa6  ABImemcpy.o [7]
  .text              ro code  0x08078e88     0x44  LCD_SelectLCD.o [3]
  .text              ro code  0x08078ecc     0x24  LCD_UpdateColorIndices.o [3]
  .text              ro code  0x08078ef0    0xf4e  xprintffull.o [4]
  .text              ro code  0x08079e40     0x20  GUIConf.o [1]
  .text              ro code  0x08079e60     0xe4  LCDConf_FlexColor_Hmi.o [1]
  .text              ro code  0x08079f44     0x3c  GUI_X_embOS.o [1]
  .text              ro code  0x08079f80    0x190  LCD_GetEx.o [3]
  .text              ro code  0x0807a110     0xa6  GUI_2DLib.o [3]
  .text              ro code  0x0807a1b8    0x4dc  GUI_DrawLine.o [3]
  .text              ro code  0x0807a694     0x58  GUI_Char.o [3]
  .text              ro code  0x0807a6ec    0x1d8  GUI_CharLine.o [3]
  .text              ro code  0x0807a8c4     0x4c  GUI_UC.o [3]
  .text              ro code  0x0807a910    0x230  GUI__Private.o [3]
  .text              ro code  0x0807ab40     0x28  printf.o [4]
  .text              ro code  0x0807ab68    0x7e2  stm32f4xx_hal_uart.o [1]
  .text              ro code  0x0807b34c    0x5e0  GUI_Alloc.o [3]
  .text              ro code  0x0807b92c    0x214  stm32f4xx_hal_gpio.o [1]
  .text              ro code  0x0807bb40     0xec  GUI_UC_EncodeUTF8.o [3]
  .text              ro code  0x0807bc2c     0x9c  stm32f4xx_hal_cortex.o [1]
  .text              ro code  0x0807bcc8     0x7c  stm32f4xx_hal_timebase_TIM.o [1]
  .text              ro code  0x0807bd44    0x2d0  stm32f4xx_hal_rcc.o [1]
  .text              ro code  0x0807c014    0x1d4  stm32f4xx_hal_rcc.o [1]
  .text              ro code  0x0807c1e8    0x240  stm32f4xx_hal_flash_ex.o [1]
  .text              ro code  0x0807c428     0x24  stm32f4xx_hal_crc.o [1]
  .text              ro code  0x0807c44c     0x54  stm32f4xx_hal_sram.o [1]
  .text              ro code  0x0807c4a0    0x574  stm32f4xx_hal_tim.o [1]
  .text              ro code  0x0807ca14     0x4a  stm32f4xx_hal_tim_ex.o [1]
  .text              ro code  0x0807ca60    0x3b8  stm32f4xx_hal_msp.o [1]
  .text              ro code  0x0807ce18    0x184  stm32f4xx_hal_spi.o [1]
  .text              ro code  0x0807cf9c    0x214  stm32f4xx_hal_flash.o [1]
  .text              ro code  0x0807d1b0    0x7bc  stm32f4xx_hal_i2c.o [1]
  .text              ro code  0x0807d96c      0xa  stm32f4xx_hal.o [1]
  .text              ro code  0x0807d978    0x920  OS_Kern.o [6]
  .text              ro code  0x0807e298    0x1fc  RTOSInit_STM32F4x_CMSIS.o [1]
  .text              ro code  0x0807e494     0x24  OS_Error.o [1]
  .text              ro code  0x0807e4b8    0x10c  OS_Info.o [6]
  .text              ro code  0x0807e5c4    0x198  rtos.o [6]
  .text              ro code  0x0807e75c     0x10  stm32f4xx_hal.o [1]
  .text              ro code  0x0807e76c      0xc  OS_GetCPUState.o [6]
  .text              ro code  0x0807e778      0x6  ABImemclr4.o [7]
  .text              ro code  0x0807e780    0x38c  SettingInput.o [1]
  .text              ro code  0x0807eb0c    0x258  GUI_FillPolygon.o [3]
  .text              ro code  0x0807ed64    0xb24  MLinkControl.o [1]
  .text              ro code  0x0807f888    0x178  iar_Stoulx.o [4]
  .text              ro code  0x0807fa00    0x440  PasswordChange.o [1]
  .text              ro code  0x0807fe40    0x484  SettingTime.o [1]
  .text              ro code  0x080802c4     0x2a  BUTTON_Bitmap.o [3]
  .text              ro code  0x080802f0    0x1e4  WINDOW.o [3]
  .text              ro code  0x080804d4    0x28c  BUTTON.o [3]
  .text              ro code  0x08080760    0x39c  MLinkHwSet.o [1]
  .text              ro code  0x08080afc    0x928  MLinkInfo.o [1]
  .text              ro code  0x08081424    0x784  MLinkIOSet.o [1]
  .text              ro code  0x08081ba8    0x35c  MLinkEvent.o [1]
  .text              ro code  0x08081f04     0xa6  DIALOG.o [3]
  .text              ro code  0x08081faa     0x38  WM_Hide.o [3]
  .text              ro code  0x08081fe4    0x44c  AcbMccbHwSet.o [1]
  .text              ro code  0x08082430   0x1448  AcbMccbMeasurement.o [1]
  .text              ro code  0x08083878    0x7a4  AcbMccbInfo.o [1]
  .text              ro code  0x0808401c    0x73c  AcbMccbRelaySet.o [1]
  .text              ro code  0x08084758    0x9bc  AcbMccbEvent.o [1]
  .text              ro code  0x08085114    0xa78  AcbMccbControl.o [1]
  .text              ro code  0x08085b8c    0x270  WM__Private.o [3]
  .text              ro code  0x08085dfc     0x30  LCD_SetClipRectEx.o [3]
  .text              ro code  0x08085e2c     0x10  GUI_WaitEvent.o [3]
  .text              ro code  0x08085e3c    0x328  GUIDEV.o [3]
  .text              ro code  0x08086164     0x84  WM_Timer.o [3]
  .text              ro code  0x080861e8     0x38  GUI_SelectLayer.o [3]
  .text              ro code  0x08086220    0x160  GUIDEV_Banding.o [3]
  .text              ro code  0x08086380     0x90  GUI_OnKey.o [3]
  .text              ro code  0x08086410     0xd0  GUI__ManageCache.o [3]
  .text              ro code  0x080864e0    0x166  GUI_Device.o [3]
  .text              ro code  0x08086648    0x110  LCD_Color.o [3]
  .text              ro code  0x08086758     0xa4  xlocale_c.o [4]
  .text              ro code  0x080867fc     0x16  strchr.o [7]
  .text              ro code  0x08086814     0x44  xfail_s.o [4]
  .text              ro code  0x08086858     0x58  memchr.o [7]
  .text              ro code  0x080868b0      0xa  xmbcurmax.o [4]
  .text              ro code  0x080868bc    0x22e  I64DivMod.o [7]
  .text              ro code  0x08086aec     0x70  frexp.o [5]
  .text              ro code  0x08086b5c     0x2e  DblCmpGe.o [5]
  .text              ro code  0x08086b8c    0x13a  ldexp.o [5]
  .text              ro code  0x08086cc8     0x3a  DblToS32.o [5]
  .text              ro code  0x08086d04     0x22  S32ToDbl.o [5]
  .text              ro code  0x08086d28     0xe2  DblSub.o [5]
  .text              ro code  0x08086e0c     0x28  DblToU32.o [5]
  .text              ro code  0x08086e34     0x1a  U32ToDbl.o [5]
  .text              ro code  0x08086e50     0x90  LCD_Set.o [3]
  .text              ro code  0x08086ee0    0x648  GUIDRV_FlexColor.o [3]
  .text              ro code  0x08087528    0x2d0  OS_ResourceSemaphore.o [6]
  .text              ro code  0x080877f8    0x8ac  OS_Com.o [6]
  .text              ro code  0x080880a4    0x404  stm32f4xx_hal_dma.o [1]
  .text              ro code  0x080884a8      0x2  stm32f4xx_hal_uart.o [1]
  .text              ro code  0x080884aa      0x2  stm32f4xx_hal_uart.o [1]
  .text              ro code  0x080884ac      0x2  stm32f4xx_hal_uart.o [1]
  .text              ro code  0x080884b0     0x96  ABImemmove.o [7]
  .text              ro code  0x08088548     0xd4  stm32f4xx_ll_fsmc.o [1]
  .text              ro code  0x0808861c      0x2  stm32f4xx_hal_tim.o [1]
  .text              ro code  0x0808861e      0x2  stm32f4xx_hal_tim.o [1]
  .text              ro code  0x08088620      0x2  stm32f4xx_hal_tim_ex.o [1]
  .text              ro code  0x08088622      0x2  stm32f4xx_hal_tim.o [1]
  .text              ro code  0x08088624      0x2  stm32f4xx_hal_tim_ex.o [1]
  .text              ro code  0x08088626      0x2  stm32f4xx_hal_tim.o [1]
  .text              ro code  0x08088628      0x2  stm32f4xx_hal_spi.o [1]
  .text              ro code  0x0808862c     0x4c  OS_InitMode.o [6]
  .text              ro code  0x08088678     0x18  OS_StackInfo.o [6]
  .text              ro code  0x08088690     0x70  OS_SysTick.o [6]
  .text              ro code  0x08088700    0x1d4  JLINKMEM_Process.o [1]
  .text              ro code  0x080888d4     0xd0  system_stm32f4xx.o [1]
  .text              ro code  0x080889a4    0x184  OS_Timing.o [6]
  .text              ro code  0x08088b28     0xa0  SEGGER_SYSVIEW_Config_embOS.o [1]
  .text              ro code  0x08088bc8     0x30  OS_ARMv7M_ISRCheckPrio.o [6]
  .text              ro code  0x08088bf8     0x32  ABImemset48.o [7]
  .text              ro code  0x08088c2c     0xe4  GUI_FillRoundedRect.o [3]
  .text              ro code  0x08088d10     0xf8  GUI_DrawBitmap.o [3]
  .text              ro code  0x08088e08     0x14  isspace.o [4]
  .text              ro code  0x08088e1c     0x14  tolower.o [4]
  .text              ro code  0x08088e30     0xac  GUI_DRAW_BITMAP.o [3]
  .text              ro code  0x08088edc     0x40  BUTTON__SetDrawObj.o [3]
  .text              ro code  0x08088f1c    0x208  WIDGET.o [3]
  .text              ro code  0x08089124     0x5e  WM_SetFocusOnPrevChild.o [3]
  .text              ro code  0x08089184     0x84  WM_SetFocusOnNextChild.o [3]
  .text              ro code  0x08089208     0x68  floor.o [5]
  .text              ro code  0x08089270    0x178  DblAdd.o [5]
  .text              ro code  0x080893e8    0x150  WM_Move.o [3]
  .text              ro code  0x08089538    0x1b8  GUIDEV_UsageBM.o [3]
  .text              ro code  0x080896f0     0x58  GUIDEV_Usage.o [3]
  .text              ro code  0x08089748    0x608  GUIDEV_WriteToActiveOpaque.o [3]
  .text              ro code  0x08089d50    0x13e  GUI_Timer.o [3]
  .text              ro code  0x08089e90     0x34  GUIDEV_GetYSize.o [3]
  .text              ro code  0x08089ec4     0x38  GUIDEV_ReduceYSize.o [3]
  .text              ro code  0x08089efc     0x70  GUIDEV_SetOrg.o [3]
  .text              ro code  0x08089f6c     0x44  GUIDEV_Clear.o [3]
  .text              ro code  0x08089fb0     0x1a  LCD_GetNumDisplays.o [3]
  .text              ro code  0x08089fca      0x6  abort.o [4]
  .text              ro code  0x08089fd0      0x2  I64DivZer.o [7]
  .text              ro code  0x08089fd4    0x854  SEGGER_SYSVIEW.o [1]
  .text              ro code  0x0808a828     0x14  OS_Trace.o [6]
  .text              ro code  0x0808a83c     0x80  WM_BringToTop.o [3]
  .text              ro code  0x0808a8bc    0x274  GUI__CompactPixelIndices.o [3]
  .text              ro code  0x0808ab30     0x2a  GUIDEV_GetDataPtr.o [3]
  .text              ro code  0x0808ab5c     0x14  exit.o [8]
  .text              ro code  0x0808ab70    0x1fc  SEGGER_RTT.o [1]
  .rodata            const    0x0808ad6c   0x1398  F24B_1.o [3]
  .rodata            const    0x0808c104   0x1300  F24B_ASCII.o [3]
  .rodata            const    0x0808d404   0x12b8  F24_ASCII.o [3]
  .rodata            const    0x0808e6bc   0x1048  F20B_ASCII.o [3]
  .rodata            const    0x0808f704    0xfd0  F20_ASCII.o [3]
  .rodata            const    0x080906d4    0xae0  F16B_1.o [3]
  .rodata            const    0x080911b4    0xaa0  F16_ASCII.o [3]
  .rodata            const    0x08091c54    0xa88  F16B_ASCII.o [3]
  .text              ro code  0x080926dc    0x994  GUIDEV_16.o [3]
  .rodata            const    0x08093070    0x984  F13_1.o [3]
  .text              ro code  0x080939f4    0x978  GUIDEV_32.o [3]
  .rodata            const    0x0809436c    0x918  F13_ASCII.o [3]
  .rodata            const    0x08094c84    0x718  F6x8.o [3]
  .text              ro code  0x0809539c    0x620  GUIDRV_FlexColor_16bpp_C0B16.o [3]
  .text              ro code  0x080959bc    0x318  GUIDRV_FlexColor_Func66709.o [3]
  .text              ro code  0x08095cd4    0x2f4  GUI__Alpha.o [3]
  .text              ro code  0x08095fc8    0x1b4  LCD_ReadRect.o [3]
  .text              ro code  0x0809617c    0x120  GUI__ExpandPixelIndices.o [3]
  .rodata            const    0x0809629c    0x260  GUI__DivTbl.o [3]
  .text              ro code  0x080964fc    0x244  BUTTON_SkinFlex.o [3]
  .text              ro code  0x08096740    0x1f8  GUI__DrawTwinArc.o [3]
  .text              ro code  0x08096938    0x1f8  GUI_DrawGradient.o [3]
  .text              ro code  0x08096b30     0x2e  GUI_DRAW.o [3]
  .text              ro code  0x08096b60     0x4e  WM_SetTrans.o [3]
  .text              ro code  0x08096bb0    0x218  LCD_RLE16.o [3]
  .text              ro code  0x08096dc8     0x2c  GUICC_M565.o [3]
  .text              ro code  0x08096df4     0xcc  GUICC_565.o [3]
  .text              ro code  0x08096ec0    0x1f2  lz77_init.o [7]
  .text              ro code  0x080970b4    0x1a8  GUIDEV_WriteToActiveAlpha.o [3]
  .text              ro code  0x0809725c    0x174  GUI_CharM.o [3]
  .text              ro code  0x080973d0    0x170  GUIDEV_StaticDevices.o [3]
  .text              ro code  0x08097540     0x24  GUI_SetAlpha.o [3]
  .text              ro code  0x08097564     0x84  GUIDEV_Write.o [3]
  .text              ro code  0x080975e8     0x10  LCD_AA.o [3]
  .text              ro code  0x080975f8    0x12c  GUI_CharP.o [3]
  .text              ro code  0x08097724    0x120  GUI_CharPExt.o [3]
  .text              ro code  0x08097844    0x11c  GUI_EncExt.o [3]
  .rodata            const    0x08097960    0x100  LCD_Mirror.o [3]
  .text              ro code  0x08097a60     0xc8  stm32f4xx_it.o [1]
  .text              ro code  0x08097b28     0xb8  GUICC_0.o [3]
  .text              ro code  0x08097be0     0xb0  SEGGER_SYSVIEW_embOS.o [1]
  .text              ro code  0x08097c90     0xa8  BUTTON_Skin.o [3]
  .text              ro code  0x08097d38     0x68  WM_GetWindowSize.o [3]
  .text              ro code  0x08097da0     0x80  SEGGER_HardFaultHandler.o [1]
  .rodata            const    0x08097e20     0x64  SEGGER_SYSVIEW_embOS.o [1]
  .text              ro code  0x08097e84     0x60  WIDGET_Effect_Simple.o [3]
  .rodata            const    0x08097ee4     0x48  MenuDLG.o [1]
  .text              ro code  0x08097f2c     0x40  zero_init3.o [7]
  .rodata            const    0x08097f6c     0x34  GUIDRV_FlexColor.o [3]
  .text              ro code  0x08097fa0     0x28  GUICC_8888.o [3]
  .text              ro code  0x08097fc8     0x28  data_init.o [7]
  .text              ro code  0x08097ff0     0x24  GUI_UC_EncodeNone.o [3]
  .text              ro code  0x08098014     0x24  GUICC_M555_Index2Color.o [3]
  .text              ro code  0x08098038     0x22  fpinit_M.o [5]
  .iar.init_table    const    0x0809805c     0x2c  - Linker created -
  .text              ro code  0x08098088     0x1e  cmain.o [7]
  .text              ro code  0x080980a6      0x4  low_level_init.o [4]
  .text              ro code  0x080980aa      0x4  exit.o [4]
  .text              ro code  0x080980b0      0xa  cexit.o [7]
  .rodata            const    0x080980bc     0x1c  OS_Info.o [6]
  .rodata            const    0x080980d8     0x1c  WIDGET_Effect_Simple.o [3]
  .rodata            const    0x080980f4     0x18  GUICC_565.o [3]
  .rodata            const    0x0809810c     0x18  GUICC_0.o [3]
  .rodata            const    0x08098124     0x18  GUICC_8888.o [3]
  .text              ro code  0x0809813c     0x16  xprout.o [4]
  .text              ro code  0x08098154      0xc  putchar.o [4]
  .rodata            const    0x08098160     0x14  MLinkInfo.o [1]
  .text              ro code  0x08098174     0x14  memset.o [7]
  .text              ro code  0x08098188     0x12  HardFaultHandler.o [1]
  .rodata            const    0x0809819c     0x10  LCD_RLE16.o [3]
  .text              ro code  0x080981ac     0x10  startup_stm32f407xx.o [1]
  .rodata            const    0x080981bc      0xc  GUI_EncExt.o [3]
  .rodata            const    0x080981c8      0xc  LCD.o [3]
  .text              ro code  0x080981d4      0xc  cstartup_M.o [7]
  .text              ro code  0x080981e0      0xc  memcpy.o [7]
  .rodata            const    0x080981ec      0x8  system_stm32f4xx.o [1]
  .rodata            const    0x080981f4      0x6  xlocale_c.o [4]
  .rodata            const    0x080981fc      0x4  RTOSInit_STM32F4x_CMSIS.o [1]
  .rodata            const    0x08098200      0x4  OS_Global.o [6]
  .text              ro code  0x08098204      0x4  startup_stm32f407xx.o [1]
  .text              ro code  0x08098208      0x4  startup_stm32f407xx.o [1]
  .text              ro code  0x0809820c      0x4  startup_stm32f407xx.o [1]
  .text              ro code  0x08098210      0x4  startup_stm32f407xx.o [1]
  .text              ro code  0x08098214      0x4  startup_stm32f407xx.o [1]
  .text              ro code  0x08098218      0x4  startup_stm32f407xx.o [1]
  .text              ro code  0x0809821c      0x4  startup_stm32f407xx.o [1]
  .text              ro code  0x08098220      0x4  startup_stm32f407xx.o [1]
  .text              ro code  0x08098224      0x4  startup_stm32f407xx.o [1]
  .text              ro code  0x08098228      0x4  startup_stm32f407xx.o [1]
  .text              ro code  0x0809822c      0x4  startup_stm32f407xx.o [1]
  .text              ro code  0x08098230      0x4  startup_stm32f407xx.o [1]
  .text              ro code  0x08098234      0x4  startup_stm32f407xx.o [1]
  .text              ro code  0x08098238      0x4  startup_stm32f407xx.o [1]
  .text              ro code  0x0809823c      0x4  startup_stm32f407xx.o [1]
  .text              ro code  0x08098240      0x4  startup_stm32f407xx.o [1]
  .text              ro code  0x08098244      0x4  startup_stm32f407xx.o [1]
  .text              ro code  0x08098248      0x4  startup_stm32f407xx.o [1]
  .text              ro code  0x0809824c      0x4  startup_stm32f407xx.o [1]
  .text              ro code  0x08098250      0x4  startup_stm32f407xx.o [1]
  .text              ro code  0x08098254      0x4  startup_stm32f407xx.o [1]
  .text              ro code  0x08098258      0x4  startup_stm32f407xx.o [1]
  .text              ro code  0x0809825c      0x4  startup_stm32f407xx.o [1]
  .text              ro code  0x08098260      0x4  startup_stm32f407xx.o [1]
  .text              ro code  0x08098264      0x4  startup_stm32f407xx.o [1]
  .text              ro code  0x08098268      0x4  startup_stm32f407xx.o [1]
  .text              ro code  0x0809826c      0x4  startup_stm32f407xx.o [1]
  .text              ro code  0x08098270      0x4  startup_stm32f407xx.o [1]
  .text              ro code  0x08098274      0x4  startup_stm32f407xx.o [1]
  .text              ro code  0x08098278      0x4  startup_stm32f407xx.o [1]
  .text              ro code  0x0809827c      0x4  startup_stm32f407xx.o [1]
  .text              ro code  0x08098280      0x4  startup_stm32f407xx.o [1]
  .text              ro code  0x08098284      0x4  startup_stm32f407xx.o [1]
  .text              ro code  0x08098288      0x4  startup_stm32f407xx.o [1]
  .text              ro code  0x0809828c      0x4  startup_stm32f407xx.o [1]
  .text              ro code  0x08098290      0x4  startup_stm32f407xx.o [1]
  .text              ro code  0x08098294      0x4  startup_stm32f407xx.o [1]
  .text              ro code  0x08098298      0x4  startup_stm32f407xx.o [1]
  .text              ro code  0x0809829c      0x4  startup_stm32f407xx.o [1]
  .text              ro code  0x080982a0      0x4  startup_stm32f407xx.o [1]
  .text              ro code  0x080982a4      0x4  startup_stm32f407xx.o [1]
  .text              ro code  0x080982a8      0x4  startup_stm32f407xx.o [1]
  .text              ro code  0x080982ac      0x4  startup_stm32f407xx.o [1]
  .text              ro code  0x080982b0      0x4  startup_stm32f407xx.o [1]
  .text              ro code  0x080982b4      0x4  startup_stm32f407xx.o [1]
  .text              ro code  0x080982b8      0x4  startup_stm32f407xx.o [1]
  .text              ro code  0x080982bc      0x4  startup_stm32f407xx.o [1]
  .text              ro code  0x080982c0      0x4  startup_stm32f407xx.o [1]
  .text              ro code  0x080982c4      0x4  startup_stm32f407xx.o [1]
  .text              ro code  0x080982c8      0x4  startup_stm32f407xx.o [1]
  .text              ro code  0x080982cc      0x4  startup_stm32f407xx.o [1]
  .text              ro code  0x080982d0      0x4  startup_stm32f407xx.o [1]
  .text              ro code  0x080982d4      0x4  startup_stm32f407xx.o [1]
  .text              ro code  0x080982d8      0x4  startup_stm32f407xx.o [1]
  .text              ro code  0x080982dc      0x4  startup_stm32f407xx.o [1]
  .text              ro code  0x080982e0      0x4  startup_stm32f407xx.o [1]
  .text              ro code  0x080982e4      0x4  startup_stm32f407xx.o [1]
  .text              ro code  0x080982e8      0x4  startup_stm32f407xx.o [1]
  .text              ro code  0x080982ec      0x4  startup_stm32f407xx.o [1]
  .text              ro code  0x080982f0      0x4  startup_stm32f407xx.o [1]
  .text              ro code  0x080982f4      0x4  startup_stm32f407xx.o [1]
  .text              ro code  0x080982f8      0x4  startup_stm32f407xx.o [1]
  .text              ro code  0x080982fc      0x4  startup_stm32f407xx.o [1]
  .text              ro code  0x08098300      0x4  startup_stm32f407xx.o [1]
  .text              ro code  0x08098304      0x4  startup_stm32f407xx.o [1]
  .text              ro code  0x08098308      0x4  startup_stm32f407xx.o [1]
  .text              ro code  0x0809830c      0x4  startup_stm32f407xx.o [1]
  .rodata            const    0x08098310      0x0  zero_init3.o [7]
  .rodata            const    0x08098310      0x0  lz77_init.o [7]
  Initializer bytes  const    0x08098310    0xc25  <for P4 s0>
                            - 0x08098f35  0x8cdad

"P3":                                       0x800
  CSTACK                      0x10000000    0x800  <Block>
    CSTACK           uninit   0x10000000    0x800  <Block tail>
                            - 0x10000800    0x800

"P4", part 1 of 2:                         0x22db
  P4 s0                       0x20000000   0x22db  <Init block>
    .data            inited   0x20000000    0x870  GuiData.o [1]
    .data            inited   0x20000870    0x600  GuiData.o [1]
    .data            inited   0x20000e70    0x2a0  GuiData.o [1]
    .data            inited   0x20001110    0x168  GuiData.o [1]
    .data            inited   0x20001278     0xf0  GuiData.o [1]
    .data            inited   0x20001368     0xb4  GuiData.o [1]
    .data            inited   0x2000141c     0x90  GuiData.o [1]
    .data            inited   0x200014ac     0x84  GuiData.o [1]
    .data            inited   0x20001530     0x80  GUI_Core.o [3]
    .data            inited   0x200015b0     0x78  GuiData.o [1]
    .data            inited   0x20001628     0x78  GuiData.o [1]
    .data            inited   0x200016a0     0x78  GuiData.o [1]
    .data            inited   0x20001718     0x6c  GuiData.o [1]
    .data            inited   0x20001784     0x6c  GuiData.o [1]
    .data            inited   0x200017f0     0x54  GuiData.o [1]
    .data            inited   0x20001844     0x48  AcbMccbMeasurement.o [1]
    .data            inited   0x2000188c     0x48  GuiData.o [1]
    .data            inited   0x200018d4     0x48  GuiData.o [1]
    .data            inited   0x2000191c     0x3c  GuiData.o [1]
    .data            inited   0x20001958     0x48  OS_Global.o [6]
    .data            inited   0x200019a0     0x48  xlocale_c.o [4]
    .data            inited   0x200019e8     0x48  xfiles.o [4]
    .data            inited   0x20001a30     0x3c  GuiData.o [1]
    .data            inited   0x20001a6c     0x3c  GuiData.o [1]
    .data            inited   0x20001aa8     0x3c  GuiData.o [1]
    .data            inited   0x20001ae4     0x38  MLinkInfo.o [1]
    .data            inited   0x20001b1c     0x38  xlocale_c.o [4]
    .data            inited   0x20001b54     0x34  BUTTON.o [3]
    .data            inited   0x20001b88     0x30  GuiData.o [1]
    .data            inited   0x20001bb8     0x30  GuiData.o [1]
    .data            inited   0x20001be8     0x30  GuiData.o [1]
    .data            inited   0x20001c18     0x30  GuiData.o [1]
    .data            inited   0x20001c48     0x30  GuiData.o [1]
    .data            inited   0x20001c78     0x30  GuiData.o [1]
    .data            inited   0x20001ca8     0x2c  AcbMccbControl.o [1]
    .data            inited   0x20001cd4     0x24  GuiData.o [1]
    .data            inited   0x20001cf8     0x24  GuiData.o [1]
    .data            inited   0x20001d1c     0x20  GuiData.o [1]
    .data            inited   0x20001d3c     0x20  GuiData.o [1]
    .data            inited   0x20001d5c     0x20  GuiData.o [1]
    .data            inited   0x20001d7c     0x20  BUTTON_SkinFlex.o [3]
    .data            inited   0x20001d9c     0x20  BUTTON_SkinFlex.o [3]
    .data            inited   0x20001dbc     0x20  BUTTON_SkinFlex.o [3]
    .data            inited   0x20001ddc     0x20  BUTTON_SkinFlex.o [3]
    .data            inited   0x20001dfc     0x1c  GUI_Core.o [3]
    .data            inited   0x20001e18     0x1c  GUI_Task.o [3]
    .data            inited   0x20001e34     0x18  GuiData.o [1]
    .data            inited   0x20001e4c     0x18  GuiData.o [1]
    .data            inited   0x20001e64     0x18  GuiData.o [1]
    .data            inited   0x20001e7c     0x18  GuiData.o [1]
    .data            inited   0x20001e94     0x18  GuiData.o [1]
    .data            inited   0x20001eac     0x18  GuiData.o [1]
    .data            inited   0x20001ec4     0x18  GuiData.o [1]
    .data            inited   0x20001edc     0x18  GuiData.o [1]
    .data            inited   0x20001ef4     0x18  GuiData.o [1]
    .data            inited   0x20001f0c     0x18  GuiData.o [1]
    .data            inited   0x20001f24     0x18  GuiData.o [1]
    .data            inited   0x20001f3c     0x18  GuiData.o [1]
    .data            inited   0x20001f54     0x18  GuiData.o [1]
    .data            inited   0x20001f6c     0x18  GuiData.o [1]
    .data            inited   0x20001f84     0x18  GuiData.o [1]
    .data            inited   0x20001f9c     0x18  GuiData.o [1]
    .data            inited   0x20001fb4     0x18  GuiData.o [1]
    .data            inited   0x20001fcc     0x18  GuiData.o [1]
    .data            inited   0x20001fe4     0x18  GuiData.o [1]
    .data            inited   0x20001ffc     0x18  SettingTime.o [1]
    .data            inited   0x20002014     0x14  GuiData.o [1]
    .data            inited   0x20002028     0x14  GuiData.o [1]
    .data            inited   0x2000203c     0x14  GuiData.o [1]
    .data            inited   0x20002050     0x14  GuiData.o [1]
    .data            inited   0x20002064     0x14  GuiData.o [1]
    .data            inited   0x20002078     0x14  GuiData.o [1]
    .data            inited   0x2000208c     0x14  LCD_Color.o [3]
    .data            inited   0x200020a0     0x14  WM_Touch.o [3]
    .data            inited   0x200020b4     0x14  LCD_AA.o [3]
    .data            inited   0x200020c8     0x10  GuiData.o [1]
    .data            inited   0x200020d8     0x10  GuiData.o [1]
    .data            inited   0x200020e8     0x10  GuiData.o [1]
    .data            inited   0x200020f8     0x10  GuiData.o [1]
    .data            inited   0x20002108     0x10  GuiData.o [1]
    .data            inited   0x20002118     0x10  GuiData.o [1]
    .data            inited   0x20002128     0x10  GUI_OnKey.o [3]
    .data            inited   0x20002138     0x10  GUI_BMP.o [3]
    .data            inited   0x20002148      0xc  GuiData.o [1]
    .data            inited   0x20002154      0xc  GuiData.o [1]
    .data            inited   0x20002160      0xc  GuiData.o [1]
    .data            inited   0x2000216c      0xc  GuiData.o [1]
    .data            inited   0x20002178      0xc  GuiData.o [1]
    .data            inited   0x20002184      0xc  GuiData.o [1]
    .data            inited   0x20002190      0xc  GuiData.o [1]
    .data            inited   0x2000219c      0xc  GuiData.o [1]
    .data            inited   0x200021a8      0xc  GuiData.o [1]
    .data            inited   0x200021b4      0xc  GuiData.o [1]
    .data            inited   0x200021c0      0xc  GuiData.o [1]
    .data            inited   0x200021cc      0xc  GuiData.o [1]
    .data            inited   0x200021d8      0xc  GuiData.o [1]
    .data            inited   0x200021e4      0xc  GuiData.o [1]
    .data            inited   0x200021f0      0xc  GuiData.o [1]
    .data            inited   0x200021fc      0xc  GuiData.o [1]
    .data            inited   0x20002208      0xc  GuiData.o [1]
    .data            inited   0x20002214      0xc  GuiData.o [1]
    .data            inited   0x20002220      0xc  GuiData.o [1]
    .data            inited   0x2000222c      0xc  GuiData.o [1]
    .data            inited   0x20002238      0xc  GuiData.o [1]
    .data            inited   0x20002244      0xc  BUTTON_Skin.o [3]
    .data            inited   0x20002250      0x8  GuiData.o [1]
    .data            inited   0x20002258      0x8  GuiData.o [1]
    .data            inited   0x20002260      0x8  GuiData.o [1]
    .data            inited   0x20002268      0x8  GuiData.o [1]
    .data            inited   0x20002270      0x8  GuiData.o [1]
    .data            inited   0x20002278      0x8  GuiData.o [1]
    .data            inited   0x20002280      0x8  GuiData.o [1]
    .data            inited   0x20002288      0x8  GUI_EncExt.o [3]
    .data            inited   0x20002290      0x8  GUIDRV_FlexColor_Func66709.o [3]
    .data            inited   0x20002298      0x8  BUTTON.o [3]
    .data            inited   0x200022a0      0x8  GUI__Alpha.o [3]
    .data            inited   0x200022a8      0x4  GuiData.o [1]
    .data            inited   0x200022ac      0x4  GuiData.o [1]
    .data            inited   0x200022b0      0x4  system_stm32f4xx.o [1]
    .data            inited   0x200022b4      0x4  GUI_Core.o [3]
    .data            inited   0x200022b8      0x4  GUI_Time.o [3]
    .data            inited   0x200022bc      0x4  GUI_BMP.o [3]
    .data            inited   0x200022c0      0x4  WINDOW.o [3]
    .data            inited   0x200022c4      0x4  GUI__Private.o [3]
    .data            inited   0x200022c8      0x4  GUI__Private.o [3]
    .data            inited   0x200022cc      0x4  LCD.o [3]
    .data            inited   0x200022d0      0x4  GUI_CharLine.o [3]
    .data            inited   0x200022d4      0x4  WIDGET.o [3]
    .data            inited   0x200022d8      0x2  GuiData.o [1]
    .data            inited   0x200022da      0x1  GUIDEV_StaticDevices.o [3]
                            - 0x200022db   0x22db

"P4", part 2 of 2:                        0x14d48
  .bss               zero     0x200022dc   0xdc00  GUIConf.o [1]
  .bss               zero     0x2000fedc   0x51a4  main.o [1]
  .bss               zero     0x20015080    0x518  SEGGER_SYSVIEW.o [1]
  .bss               zero     0x20015598    0x4b8  SEGGER_RTT.o [1]
  .bss               zero     0x20015a50    0x284  main.o [1]
  .bss               zero     0x20015cd4    0x210  main.o [1]
  .bss               zero     0x20015ee4    0x1e0  main.o [1]
  .bss               zero     0x200160c4    0x118  main.o [1]
  .bss               zero     0x200161dc     0xec  OS_Com.o [6]
  .bss               zero     0x200162c8     0xc0  GUI_Alloc.o [3]
  .bss               zero     0x20016388     0x98  MainMenu.o [1]
  .bss               zero     0x20016420     0x88  GuiData.o [1]
  .bss               zero     0x200164a8     0x80  MainMenu.o [1]
  .bss               zero     0x20016528     0x7c  WM.o [3]
  .bss               zero     0x200165a4     0x68  AcbMccbMeasurement.o [1]
  .bss               zero     0x2001660c     0x60  main.o [1]
  .bss               zero     0x2001666c     0x60  main.o [1]
  .bss               zero     0x200166cc     0x60  main.o [1]
  .bss               zero     0x2001672c     0x60  main.o [1]
  .bss               zero     0x2001678c     0x60  main.o [1]
  .bss               zero     0x200167ec     0x60  MainMenu.o [1]
  .bss               zero     0x2001684c     0x5c  MLinkOverview.o [1]
  .bss               zero     0x200168a8     0x58  GUI_OnKey.o [3]
  .bss               zero     0x20016900     0x54  main.o [1]
  .bss               zero     0x20016954     0x50  xfiles.o [4]
  .bss               zero     0x200169a8     0x48  AcbMccbMeasurement.o [1]
  .bss               zero     0x200169f0     0x44  SEGGER_HardFaultHandler.o [1]
  .bss               zero     0x20016a34     0x40  main.o [1]
  .bss               zero     0x20016a74     0x40  WM_Touch.o [3]
  .bss               zero     0x20016ab4     0x3c  Setup.o [1]
  .bss               zero     0x20016af0     0x3c  stm32f4xx_it.o [1]
  .bss               zero     0x20016b2c     0x38  LCD_RLE16.o [3]
  .bss               zero     0x20016b64     0x34  main.o [1]
  .bss               zero     0x20016b98     0x34  main.o [1]
  .bss               zero     0x20016bcc     0x34  main.o [1]
  .bss               zero     0x20016c00     0x34  main.o [1]
  .bss               zero     0x20016c34     0x34  main.o [1]
  .bss               zero     0x20016c68     0x34  main.o [1]
  .bss               zero     0x20016c9c     0x30  JLINKMEM_Process.o [1]
  .bss               zero     0x20016ccc     0x30  GUI_BMP.o [3]
  .bss               zero     0x20016cfc     0x24  main.o [1]
  .bss               zero     0x20016d20     0x24  GUI_BMP.o [3]
  .bss               zero     0x20016d44     0x20  GuiData.o [1]
  .bss               zero     0x20016d64     0x20  main.o [1]
  .bss               zero     0x20016d84     0x20  main.o [1]
  .bss               zero     0x20016da4     0x20  stm32f4xx_hal_flash.o [1]
  .bss               zero     0x20016dc4     0x20  OS_Timing.o [6]
  .bss               zero     0x20016de4     0x1c  GUI_FillPolygon.o [3]
  .bss               zero     0x20016e00     0x1c  GUI__Alpha.o [3]
  .bss               zero     0x20016e1c     0x18  MenuDLG.o [1]
  .bss               zero     0x20016e34     0x14  GUI_X_embOS.o [1]
  .bss               zero     0x20016e48     0x14  main.o [1]
  .bss               zero     0x20016e5c     0x14  GUI_Core.o [3]
  .bss               zero     0x20016e70     0x14  GUI_Timer.o [3]
  .bss               zero     0x20016e84     0x10  main.o [1]
  .bss               zero     0x20016e94     0x10  main.o [1]
  .bss               zero     0x20016ea4     0x10  main.o [1]
  .bss               zero     0x20016eb4     0x10  main.o [1]
  .bss               zero     0x20016ec4     0x10  main.o [1]
  .bss               zero     0x20016ed4     0x10  main.o [1]
  .bss               zero     0x20016ee4     0x10  main.o [1]
  .bss               zero     0x20016ef4     0x10  main.o [1]
  .bss               zero     0x20016f04     0x10  GUI__ManageCache.o [3]
  .bss               zero     0x20016f14      0xc  GuiData.o [1]
  .bss               zero     0x20016f20      0xc  GUI_Alloc.o [3]
  .bss               zero     0x20016f2c      0xc  OS_Kern.o [6]
  .bss               zero     0x20016f38      0x8  GuiData.o [1]
  .bss               zero     0x20016f40      0x8  GuiData.o [1]
  .bss               zero     0x20016f48      0x8  GuiData.o [1]
  .bss               zero     0x20016f50      0x8  OS_Task.o [6]
  .bss               zero     0x20016f58      0x8  LCD_GetEx.o [3]
  .bss               zero     0x20016f60      0x4  GuiData.o [1]
  .bss               zero     0x20016f64      0x4  GuiData.o [1]
  .bss               zero     0x20016f68      0x4  GuiData.o [1]
  .bss               zero     0x20016f6c      0x4  GuiData.o [1]
  .bss               zero     0x20016f70      0x4  GuiData.o [1]
  .bss               zero     0x20016f74      0x4  GuiData.o [1]
  .bss               zero     0x20016f78      0x4  main.o [1]
  .bss               zero     0x20016f7c      0x4  main.o [1]
  .bss               zero     0x20016f80      0x4  main.o [1]
  .bss               zero     0x20016f84      0x4  main.o [1]
  .bss               zero     0x20016f88      0x4  main.o [1]
  .bss               zero     0x20016f8c      0x4  MLinkControl.o [1]
  .bss               zero     0x20016f90      0x4  MLinkHwSet.o [1]
  .bss               zero     0x20016f94      0x4  stm32f4xx_hal.o [1]
  .bss               zero     0x20016f98      0x4  stm32f4xx_hal_msp.o [1]
  .bss               zero     0x20016f9c      0x4  GUI_Core.o [3]
  .bss               zero     0x20016fa0      0x4  GUI_Core.o [3]
  .bss               zero     0x20016fa4      0x4  GUI_Core.o [3]
  .bss               zero     0x20016fa8      0x4  GUI_Core.o [3]
  .bss               zero     0x20016fac      0x4  GUI_Core.o [3]
  .bss               zero     0x20016fb0      0x4  GUI_Core.o [3]
  .bss               zero     0x20016fb4      0x4  GUI_Core.o [3]
  .bss               zero     0x20016fb8      0x4  GUI_Core.o [3]
  .bss               zero     0x20016fbc      0x4  OS_Global.o [6]
  .bss               zero     0x20016fc0      0x4  OS_Global.o [6]
  .bss               zero     0x20016fc4      0x4  OS_Global.o [6]
  .bss               zero     0x20016fc8      0x4  OS_Global.o [6]
  .bss               zero     0x20016fcc      0x4  OS_Global.o [6]
  .bss               zero     0x20016fd0      0x4  OS_Global.o [6]
  .bss               zero     0x20016fd4      0x4  OS_Global.o [6]
  .bss               zero     0x20016fd8      0x4  OS_Global.o [6]
  .bss               zero     0x20016fdc      0x4  OS_Global.o [6]
  .bss               zero     0x20016fe0      0x4  GUIDRV_FlexColor.o [3]
  .bss               zero     0x20016fe4      0x4  WM.o [3]
  .bss               zero     0x20016fe8      0x4  GUI_WaitEvent.o [3]
  .bss               zero     0x20016fec      0x4  GUIDEV_16.o [3]
  .bss               zero     0x20016ff0      0x4  WM__Private.o [3]
  .bss               zero     0x20016ff4      0x4  GUIDEV_Banding.o [3]
  .bss               zero     0x20016ff8      0x4  WIDGET_Effect_Simple.o [3]
  .bss               zero     0x20016ffc      0x4  xfail_s.o [4]
  .bss               zero     0x20017000      0x2  GuiData.o [1]
  .bss               zero     0x20017002      0x2  GuiData.o [1]
  .bss               zero     0x20017004      0x2  GuiData.o [1]
  .bss               zero     0x20017006      0x2  GuiData.o [1]
  .bss               zero     0x20017008      0x2  GuiData.o [1]
  .bss               zero     0x2001700a      0x2  GuiData.o [1]
  .bss               zero     0x2001700c      0x2  GuiData.o [1]
  .bss               zero     0x2001700e      0x2  main.o [1]
  .bss               zero     0x20017010      0x2  main.o [1]
  .bss               zero     0x20017012      0x2  GUI_Core.o [3]
  .bss               zero     0x20017014      0x2  GUI_Core.o [3]
  .bss               zero     0x20017016      0x2  GUI_Core.o [3]
  .bss               zero     0x20017018      0x1  main.o [1]
  .bss               zero     0x20017019      0x1  main.o [1]
  .bss               zero     0x2001701a      0x1  SEGGER_SYSVIEW.o [1]
  .bss               zero     0x2001701b      0x1  GUI_Core.o [3]
  .bss               zero     0x2001701c      0x1  OS_Global.o [6]
  .bss               zero     0x2001701d      0x1  OS_Global.o [6]
  .bss               zero     0x2001701e      0x1  OS_Global.o [6]
  .bss               zero     0x2001701f      0x1  OS_Global.o [6]
  .bss               zero     0x20017020      0x1  OS_Global.o [6]
  .bss               zero     0x20017021      0x1  OS_Global.o [6]
                            - 0x20017022  0x14d46


*******************************************************************************
*** INIT TABLE
***

          Address     Size
          -------     ----
Zero (__iar_zero_init3)
    1 destination range, total size 0x14d46:
          0x200022dc  0x14d46

Copy/lz77 (__iar_lz77_init3)
    1 source range, total size 0xc25 (34% of destination):
          0x08098310    0xc25
    1 destination range, total size 0x22db:
          0x20000000   0x22db



*******************************************************************************
*** MODULE SUMMARY
***

    Module                          ro code  ro data  rw data
    ------                          -------  -------  -------
D:\STM32F4\NewIHM8Git\EWARM\NewIHM8\Obj: [1]
    AcbMccbControl.o                  2 680       15       44
    AcbMccbEvent.o                    2 492
    AcbMccbHwSet.o                    1 100
    AcbMccbInfo.o                     1 956
    AcbMccbMeasurement.o              5 192       25      248
    AcbMccbRelaySet.o                 1 852
    GUIConf.o                            32            56 320
    GUI_X_embOS.o                        60                20
    GuiData.o                                 14 642    8 156
    HardFaultHandler.o                   18
    Image.o                                  139 824
    JLINKMEM_Process.o                  468                48
    LCDConf_FlexColor_Hmi.o             228
    LS-Font20b_.o                             38 456
    LS-Font20n_.o                             38 176
    LS-font16_.o                              25 988
    LS-font24_.o                              44 212
    LS-font_24x24.o                           35 708
    MLinkControl.o                    2 852                 4
    MLinkEvent.o                        860
    MLinkHwSet.o                        924                 4
    MLinkIOSet.o                      1 924
    MLinkInfo.o                       2 344       40       56
    MLinkOverview.o                   1 068                92
    MainMenu.o                        5 636               376
    MenuDLG.o                         2 008       72       24
    OS_Error.o                           36
    PasswordChange.o                  1 088
    RTOSInit_STM32F4x_CMSIS.o           508        4
    SEGGER_HardFaultHandler.o           128                68
    SEGGER_RTT.o                        508             1 208
    SEGGER_SYSVIEW.o                  2 132             1 305
    SEGGER_SYSVIEW_Config_embOS.o       160
    SEGGER_SYSVIEW_embOS.o              176      100
    SettingInput.o                      908
    SettingTime.o                     1 156        9       24
    Setup.o                           3 752                60
    backlight.o                         252
    cyrillic16_16x16.o                        18 304
    cyrillic20_20x20.o                        18 128
    cyrillic_24x24.o                          22 264
    lcd.o                               472
    main.o                            5 484            24 046
    modbus.o                          2 664
    startup_stm32f407xx.o               676
    stm32f4xx_hal.o                      38                 4
    stm32f4xx_hal_cortex.o              156
    stm32f4xx_hal_crc.o                  36
    stm32f4xx_hal_dma.o               1 028
    stm32f4xx_hal_flash.o               532                32
    stm32f4xx_hal_flash_ex.o            576
    stm32f4xx_hal_gpio.o                532
    stm32f4xx_hal_i2c.o               1 980
    stm32f4xx_hal_msp.o                 952                 4
    stm32f4xx_hal_rcc.o               1 188
    stm32f4xx_hal_spi.o                 390
    stm32f4xx_hal_sram.o                 84
    stm32f4xx_hal_tim.o               1 404
    stm32f4xx_hal_tim_ex.o               78
    stm32f4xx_hal_timebase_TIM.o        124
    stm32f4xx_hal_uart.o              2 024
    stm32f4xx_it.o                      200                60
    stm32f4xx_ll_fsmc.o                 212
    system_stm32f4xx.o                  208        9        4
    ---------------------------------------------------------
    Total:                           65 536  395 976   92 207

command line: [2]
    ---------------------------------------------------------
    Total:

STemWin540_CM4_OS_IAR.a: [3]
    BUTTON.o                            652       21       60
    BUTTON_Bitmap.o                      42
    BUTTON_Skin.o                       168        4       12
    BUTTON_SkinFlex.o                   580       45      128
    BUTTON__SetDrawObj.o                 64
    DIALOG.o                            166
    F13_1.o                                    2 436
    F13_ASCII.o                                2 328
    F16B_1.o                                   2 784
    F16B_ASCII.o                               2 696
    F16_ASCII.o                                2 720
    F20B_ASCII.o                               4 168
    F20_ASCII.o                                4 048
    F24B_1.o                                   5 016
    F24B_ASCII.o                               4 864
    F24_ASCII.o                                4 792
    F32B_ASCII.o                               7 848
    F32_ASCII.o                                7 240
    F6x8.o                                     1 816
    GUICC_0.o                           184       24
    GUICC_565.o                         204       24
    GUICC_8888.o                         40       24
    GUICC_8888_Index2Color.o              2
    GUICC_888_Index2Color.o               2
    GUICC_M555_Index2Color.o             36
    GUICC_M565.o                         44
    GUIDEV.o                            808
    GUIDEV_16.o                       2 452                 4
    GUIDEV_32.o                       2 424
    GUIDEV_Banding.o                    352                 4
    GUIDEV_Clear.o                       68
    GUIDEV_GetDataPtr.o                  42
    GUIDEV_GetYSize.o                    52
    GUIDEV_ReduceYSize.o                 56
    GUIDEV_SetOrg.o                     112
    GUIDEV_StaticDevices.o              368                 1
    GUIDEV_Usage.o                       88
    GUIDEV_UsageBM.o                    440
    GUIDEV_Write.o                      132
    GUIDEV_WriteToActiveAlpha.o         424
    GUIDEV_WriteToActiveOpaque.o      1 544
    GUIDRV_FlexColor.o                1 608       52        4
    GUIDRV_FlexColor_16bpp_C0B16.o    1 568
    GUIDRV_FlexColor_Func66709.o        792        3        8
    GUI_2DLib.o                         166
    GUI_Alloc.o                       1 504               204
    GUI_BMP.o                         3 324        6      104
    GUI_Char.o                           88
    GUI_CharLine.o                      472        1        4
    GUI_CharM.o                         372
    GUI_CharP.o                         300
    GUI_CharPExt.o                      288
    GUI_Circ.o                          244
    GUI_Common.o                        772
    GUI_Core.o                          508       56      219
    GUI_DRAW.o                           46
    GUI_DRAW_BITMAP.o                   172
    GUI_Device.o                        358
    GUI_DispString.o                    408
    GUI_DrawBitmap.o                    248
    GUI_DrawGradient.o                  504
    GUI_DrawLib.o                       412
    GUI_DrawLine.o                    1 244
    GUI_EncExt.o                        284       14        8
    GUI_FillPolygon.o                   600                28
    GUI_FillRoundedRect.o               228
    GUI_OnKey.o                         144        6      104
    GUI_SelectLayer.o                    56
    GUI_SetAlpha.o                       36
    GUI_Task.o                          332       10       28
    GUI_Time.o                          104        2        4
    GUI_Timer.o                         318                20
    GUI_UC.o                             76
    GUI_UC_EncodeNone.o                  36
    GUI_UC_EncodeUTF8.o                 236
    GUI_WaitEvent.o                      16                 4
    GUI__Alpha.o                        756        3       36
    GUI__CompactPixelIndices.o          628
    GUI__DivTbl.o                                608
    GUI__DrawTwinArc.o                  504
    GUI__ExpandPixelIndices.o           288
    GUI__ManageCache.o                  208                16
    GUI__Private.o                      560        3        8
    LCD.o                             1 480       14        4
    LCD_AA.o                             16        6       20
    LCD_Color.o                         272        7       20
    LCD_GetColorIndex.o                  24
    LCD_GetEx.o                         400                 8
    LCD_GetNumDisplays.o                 26
    LCD_Mirror.o                                 256
    LCD_RLE16.o                         536       16       56
    LCD_ReadRect.o                      436
    LCD_SelectLCD.o                      68
    LCD_Set.o                           144
    LCD_SetClipRectEx.o                  48
    LCD_UpdateColorIndices.o             36
    WIDGET.o                            520        1        4
    WIDGET_Effect_Simple.o               96       28        4
    WINDOW.o                            484        1        4
    WM.o                              4 560               128
    WM_BringToTop.o                     128
    WM_GetWindowSize.o                  104
    WM_Hide.o                            56
    WM_Lib.o                          1 536
    WM_Move.o                           336
    WM_SetFocusOnNextChild.o            132
    WM_SetFocusOnPrevChild.o             94
    WM_SetTrans.o                        78
    WM_Timer.o                          132
    WM_Touch.o                                     7       84
    WM__Private.o                       624                 4
    ---------------------------------------------------------
    Total:                           44 720   53 998    1 344

dl7M_tlf.a: [4]
    abort.o                               6
    exit.o                                4
    iar_Stoulx.o                        376
    isspace.o                            20
    low_level_init.o                      4
    printf.o                             40
    putchar.o                            12
    sprintf.o                            64
    tolower.o                            20
    xencoding_8859_1.o                   30
    xfail_s.o                            68                 4
    xfiles.o                                      25      152
    xlocale_c.o                         164       50      128
    xmbcurmax.o                          10
    xprintffull.o                     3 918
    xprout.o                             22
    xsprout.o                            10
    ---------------------------------------------------------
    Total:                            4 768       75      284

m7M_tls.a: [5]
    DblAdd.o                            376
    DblCmpGe.o                           46
    DblCmpLe.o                           46
    DblDiv.o                            582
    DblMul.o                            418
    DblSub.o                            226
    DblToFlt.o                          104
    DblToS32.o                           58
    DblToU32.o                           40
    FltToDbl.o                           72
    S32ToDbl.o                           34
    U32ToDbl.o                           26
    floor.o                             104
    fpinit_M.o                           34
    frexp.o                             112
    ldexp.o                             314
    round.o                              98
    ---------------------------------------------------------
    Total:                            2 690

os7m_tlv_dp.a: [6]
    OS_ARMv7M_ISRCheckPrio.o             48
    OS_Com.o                          2 220               236
    OS_GetCPUState.o                     12
    OS_Global.o                                   29      114
    OS_Info.o                           268       28
    OS_InitMode.o                        76
    OS_Kern.o                         2 336                12
    OS_ResourceSemaphore.o              720
    OS_StackInfo.o                       24
    OS_SysTick.o                        112
    OS_Task.o                           772                 8
    OS_Timing.o                         388                32
    OS_Trace.o                           20
    rtos.o                              408
    ---------------------------------------------------------
    Total:                            7 404       57      402

rt7M_tl.a: [7]
    ABImemclr.o                           6
    ABImemclr4.o                          6
    ABImemcpy.o                         166
    ABImemmove.o                        150
    ABImemset.o                         102
    ABImemset48.o                        50
    I64DivMod.o                         558
    I64DivZer.o                           2
    cexit.o                              10
    cmain.o                              30
    cstartup_M.o                         12
    data_init.o                          40
    lz77_init.o                         498
    memchr.o                             88
    memcpy.o                             12
    memset.o                             20
    strchr.o                             22
    strcpy.o                             76
    strlen.o                             54
    zero_init3.o                         64
    ---------------------------------------------------------
    Total:                            1 966

shb_l.a: [8]
    exit.o                               20
    ---------------------------------------------------------
    Total:                               20

    Gaps                                 70        8        4
    Linker created                                45    2 048
-------------------------------------------------------------
    Grand Total:                    127 174  450 159   96 289


*******************************************************************************
*** ENTRY LIST
***

Entry                      Address    Size  Type      Object
-----                      -------    ----  ----      ------
.iar.init_table$$Base   0x0809805c           --   Gb  - Linker created -
.iar.init_table$$Limit  0x08098088           --   Gb  - Linker created -
.intvec$$Base           0x0800c000           --   Gb  - Linker created -
.intvec$$Limit          0x0800c188           --   Gb  - Linker created -
?main                   0x08098089          Code  Gb  cmain.o [7]
AHBPrescTable           0x08088994    0x10  Data  Gb  system_stm32f4xx.o [1]
APBPrescTable           0x080981ec     0x8  Data  Gb  system_stm32f4xx.o [1]
API                     0x080896d8    0x18  Data  Lc  GUIDEV_UsageBM.o [3]
Abs                     0x0807a1c3     0x8  Code  Lc  GUI_DrawLine.o [3]
AcbMccbControl          0x080857f7   0x1fc  Code  Gb  AcbMccbControl.o [1]
AcbMccbControlDisp      0x080854d5   0x280  Code  Lc  AcbMccbControl.o [1]
AcbMccbControlSend      0x08085115    0x3c  Code  Lc  AcbMccbControl.o [1]
AcbMccbEvent            0x08084e03   0x114  Code  Gb  AcbMccbEvent.o [1]
AcbMccbHwSet            0x08082291    0xd2  Code  Gb  AcbMccbHwSet.o [1]
AcbMccbHwSetDisp        0x080821d9    0xa8  Code  Lc  AcbMccbHwSet.o [1]
AcbMccbHwSetSend        0x08081fe5    0x3a  Code  Lc  AcbMccbHwSet.o [1]
AcbMccbInfomation       0x08083dd1    0xfa  Code  Gb  AcbMccbInfo.o [1]
AcbMccbIoValueDisp      0x08085151   0x354  Code  Lc  AcbMccbControl.o [1]
AcbMccbIoValueDisp::IoStatus_Offset
                        0x08085b74     0xc  Data  Lc  AcbMccbControl.o [1]
AcbMccbIoValueDisp::IoStatus_bit
                        0x08085b80     0xc  Data  Lc  AcbMccbControl.o [1]
AcbMccbIoValueDisp::colorOnFillColor
                        0x20001cc8     0xc  Data  Lc  AcbMccbControl.o [1]
AcbMccbMeasurement      0x080835b9   0x174  Code  Gb  AcbMccbMeasurement.o [1]
AcbMccbMeasurementDisp  0x0808337d   0x1d6  Code  Lc  AcbMccbMeasurement.o [1]
AcbMccbMeasurementDispPQ
                        0x080831bb   0x126  Code  Lc  AcbMccbMeasurement.o [1]
AcbMccbMeasurementDispVIP
                        0x08082d85    0xf4  Code  Lc  AcbMccbMeasurement.o [1]
AcbMccbMeasurementRecv  0x080826f9   0x2e6  Code  Lc  AcbMccbMeasurement.o [1]
AcbMccbMeasurementSend  0x0808251b    0x84  Code  Lc  AcbMccbMeasurement.o [1]
AcbMccbOverView         0x0806fde7   0x152  Code  Lc  MainMenu.o [1]
AcbMccbOverViewValue    0x0806ffa5   0x3fc  Code  Lc  MainMenu.o [1]
AcbMccbOverViewValue::Ampare
                        0x200164a8    0x80  Data  Lc  MainMenu.o [1]
AcbMccbRelaySet         0x080845b5    0xd6  Code  Gb  AcbMccbRelaySet.o [1]
AcbMccbRelaySetInitDisp
                        0x0808449b   0x11a  Code  Lc  AcbMccbRelaySet.o [1]
AcbMccbValueDisp        0x0808359f    0x1a  Code  Lc  AcbMccbMeasurement.o [1]
AcbMccbValueDispEnergy  0x08082e79    0x86  Code  Lc  AcbMccbMeasurement.o [1]
AcbMccbValueDispPQ      0x08082f51   0x1da  Code  Lc  AcbMccbMeasurement.o [1]
AcbMccbValueDispPQ::displayFlag
                        0x20001844    0x48  Data  Lc  AcbMccbMeasurement.o [1]
AcbMccbValueDispVIP     0x08082a67   0x294  Code  Lc  AcbMccbMeasurement.o [1]
AcbMccbcbStatus         0x20001cac     0x1  Data  Lc  AcbMccbControl.o [1]
Angle                   0x200169d0    0x20  Data  Lc  AcbMccbMeasurement.o [1]
BUTTON_Callback         0x0808056f    0xc2  Code  Gb  BUTTON.o [3]
BUTTON_CreateIndirect   0x0808069d    0x44  Code  Gb  BUTTON.o [3]
BUTTON_CreateUser       0x08080631    0x6c  Code  Gb  BUTTON.o [3]
BUTTON_DrawSkinFlex     0x080964fd   0x21a  Code  Gb  BUTTON_SkinFlex.o [3]
BUTTON_SetBitmap        0x080802e3     0xc  Code  Gb  BUTTON_Bitmap.o [3]
BUTTON_SetBitmapEx      0x080802c5    0x1e  Code  Gb  BUTTON_Bitmap.o [3]
BUTTON_SetPressed       0x08080751    0x10  Code  Gb  BUTTON.o [3]
BUTTON_SetText          0x08080705    0x4c  Code  Gb  BUTTON.o [3]
BUTTON__DefaultProps    0x20001b54    0x30  Data  Gb  BUTTON.o [3]
BUTTON__SetDrawObj      0x08088edd    0x40  Code  Gb  BUTTON__SetDrawObj.o [3]
BUTTON__Skin            0x20002244     0xc  Data  Gb  BUTTON_Skin.o [3]
BUTTON__pSkinDefault    0x20001b84     0x4  Data  Gb  BUTTON.o [3]
BacklightBrghtness      0x08078457    0x40  Code  Gb  backlight.o [1]
BaseDisp                0x0806fc2b    0x3c  Code  Gb  MainMenu.o [1]
BaseDisp2               0x08084759    0x72  Code  Lc  AcbMccbEvent.o [1]
BaseDisp3               0x08082431    0x38  Code  Lc  AcbMccbMeasurement.o [1]
BaseDispU32             0x08080afd    0x16  Code  Lc  MLinkInfo.o [1]
BusFault_Handler        0x08097a85     0x8  Code  Gb  stm32f4xx_it.o [1]
ButtonDisp              0x0807ff9b    0xa8  Code  Gb  SettingTime.o [1]
ButtonItem              0x20016e1c    0x18  Data  Lc  MenuDLG.o [1]
CPU_Command_Write       0x080784dd     0x8  Code  Gb  lcd.o [1]
CPU_Data_Read           0x080784eb     0x6  Code  Gb  lcd.o [1]
CPU_Data_Write          0x080784e5     0x6  Code  Gb  lcd.o [1]
CRC16                   0x08071add    0x30  Code  Gb  modbus.o [1]
CSTACK$$Base            0x10000000           --   Gb  - Linker created -
CSTACK$$Limit           0x10000800           --   Gb  - Linker created -
CacheMore               0x08086789    0x24  Code  Lc  xlocale_c.o [4]
ChineseInitButton       0x080763d3    0xf8  Code  Lc  MenuDLG.o [1]
CommStatusDisp          0x08070401    0x52  Code  Lc  MainMenu.o [1]
CommTimerClear          0x08070453    0x16  Code  Gb  MainMenu.o [1]
CommTimerInit           0x08070469     0xa  Code  Gb  MainMenu.o [1]
ConnectSetting          0x20001d1c    0x20  Data  Gb  GuiData.o [1]
ControlDoStatus         0x20016f8c     0x4  Data  Lc  MLinkControl.o [1]
ControlErrorMessage     0x0807ed65    0xba  Code  Gb  MLinkControl.o [1]
ControlSet              0x0807f019   0x186  Code  Gb  MLinkControl.o [1]
CountDisp               0x08081ba9    0x5a  Code  Gb  MLinkEvent.o [1]
CreateMenu              0x0807677f   0x1f0  Code  Gb  MenuDLG.o [1]
CreateMenu::_aDialogCreate
                        0x08076ae4    0xc4  Data  Lc  MenuDLG.o [1]
DMA1_Stream5_IRQHandler
                        0x08097abd     0x6  Code  Gb  stm32f4xx_it.o [1]
DMA1_Stream6_IRQHandler
                        0x08097ac3     0x6  Code  Gb  stm32f4xx_it.o [1]
DMA2_Stream2_IRQHandler
                        0x08097ae9     0x6  Code  Gb  stm32f4xx_it.o [1]
DMA2_Stream7_IRQHandler
                        0x08097aef     0x6  Code  Gb  stm32f4xx_it.o [1]
DMA_CalcBaseAndBitshift
                        0x08088475    0x2a  Code  Lc  stm32f4xx_hal_dma.o [1]
DMA_CalcBaseAndBitshift::flagBitshiftOffset
                        0x080884a0     0x8  Data  Lc  stm32f4xx_hal_dma.o [1]
DMA_SetConfig           0x08088455    0x20  Code  Lc  stm32f4xx_hal_dma.o [1]
DOWN_POINT              0x200021cc     0xc  Data  Gb  GuiData.o [1]
DateTimeDisp            0x0807fe87   0x114  Code  Lc  SettingTime.o [1]
DebugMon_Handler        0x08097a97     0x2  Code  Gb  stm32f4xx_it.o [1]
DefaultSettingValue     0x20002028    0x14  Data  Gb  GuiData.o [1]
DemandMakeString        0x080825d5   0x106  Code  Lc  AcbMccbMeasurement.o [1]
DeviceDescroptionSend   0x08075529    0x42  Code  Lc  Setup.o [1]
DeviceInfoSend          0x08080b83    0x30  Code  Lc  MLinkInfo.o [1]
DeviceInfoValueDisp     0x08080c05   0x104  Code  Lc  MLinkInfo.o [1]
DeviceInitDisp          0x08080d09    0xa0  Code  Lc  MLinkInfo.o [1]
DispFormat              0x0806fc79    0xf2  Code  Gb  MainMenu.o [1]
DispFormat3             0x080824a5    0x5a  Code  Lc  AcbMccbMeasurement.o [1]
DispFormatU32           0x08080b13    0x64  Code  Lc  MLinkInfo.o [1]
DispMLinkStatus         0x0807299d    0x58  Code  Gb  MLinkOverview.o [1]
DispStatus              0x0806fda1    0x46  Code  Gb  MainMenu.o [1]
DisplayConnectSetting   0x0807571d   0x16e  Code  Lc  Setup.o [1]
DisplayConnectSettingMenu
                        0x0807556b   0x19a  Code  Lc  Setup.o [1]
DisplayDeviceDispValue  0x08075fe9    0x7e  Code  Lc  Setup.o [1]
DisplaySetting          0x08075e27   0x132  Code  Lc  Setup.o [1]
DisplaySettingMenu      0x08075895   0x282  Code  Lc  Setup.o [1]
EXTI4_IRQHandler        0x08097ab7     0x6  Code  Gb  stm32f4xx_it.o [1]
EXTI9_5_IRQHandler      0x08097ac9    0x20  Code  Gb  stm32f4xx_it.o [1]
EmWinTask               0x080741bb    0x18  Code  Lc  main.o [1]
Energy                  0x200169a8    0x28  Data  Lc  AcbMccbMeasurement.o [1]
EnglishInitButton       0x080763d1     0x2  Code  Lc  MenuDLG.o [1]
EraseInitStruct         0x20016d0c    0x14  Data  Lc  main.o [1]
EventDataRecv           0x08084855   0x2e2  Code  Gb  AcbMccbEvent.o [1]
EventMenu               0x08084c31   0x1d2  Code  Lc  AcbMccbEvent.o [1]
EventMenuDisp           0x08084b4f    0xc8  Code  Lc  AcbMccbEvent.o [1]
EventSend               0x080847d5    0x78  Code  Gb  AcbMccbEvent.o [1]
FLASH_Erase_Sector      0x0807c37b    0x4c  Code  Gb  stm32f4xx_hal_flash_ex.o [1]
FLASH_FlushCaches       0x0807c3c7    0x50  Code  Gb  stm32f4xx_hal_flash_ex.o [1]
FLASH_MassErase         0x0807c35b    0x20  Code  Lc  stm32f4xx_hal_flash_ex.o [1]
FLASH_Program_Byte      0x0807d111    0x14  Code  Lc  stm32f4xx_hal_flash.o [1]
FLASH_Program_DoubleWord
                        0x0807d0af    0x24  Code  Lc  stm32f4xx_hal_flash.o [1]
FLASH_Program_HalfWord  0x0807d0e5    0x12  Code  Lc  stm32f4xx_hal_flash.o [1]
FLASH_Program_Word      0x0807d0d3    0x12  Code  Lc  stm32f4xx_hal_flash.o [1]
FLASH_SetErrorCode      0x0807d125    0x60  Code  Lc  stm32f4xx_hal_flash.o [1]
FLASH_WaitForLastOperation
                        0x0807d063    0x4c  Code  Gb  stm32f4xx_hal_flash.o [1]
FSMC_NORSRAM_Extended_Timing_Init
                        0x080885d9    0x3c  Code  Gb  stm32f4xx_ll_fsmc.o [1]
FSMC_NORSRAM_Init       0x08088549    0x50  Code  Gb  stm32f4xx_ll_fsmc.o [1]
FSMC_NORSRAM_Timing_Init
                        0x08088599    0x40  Code  Gb  stm32f4xx_ll_fsmc.o [1]
FactoryResetInitDisp    0x08075b49    0x6a  Code  Lc  Setup.o [1]
FactoryRest             0x08075bcd   0x11c  Code  Lc  Setup.o [1]
FaultCountRead          0x08074a1d    0x58  Code  Gb  main.o [1]
FaultCountWrite         0x08074a7d    0xc4  Code  Gb  main.o [1]
FlashRead               0x080748c9    0x64  Code  Gb  main.o [1]
FlashWrite              0x08074935    0xe4  Code  Gb  main.o [1]
GL_DrawBitmap           0x08088d11    0x8e  Code  Gb  GUI_DrawBitmap.o [3]
GL_DrawLine1Ex          0x0807a387   0x1b2  Code  Gb  GUI_DrawLine.o [3]
GL_DrawLineEx           0x0807a549    0xda  Code  Gb  GUI_DrawLine.o [3]
GL_DrawLineToEx         0x0807a623    0x26  Code  Gb  GUI_DrawLine.o [3]
GL_DrawPoint            0x08071801    0x1e  Code  Gb  GUI_DrawLib.o [3]
GL_FillCircle           0x08073ad1    0xa4  Code  Gb  GUI_Circ.o [3]
GL_FillPolygon          0x0807eb61   0x188  Code  Gb  GUI_FillPolygon.o [3]
GL_MoveTo               0x0807a111     0xa  Code  Gb  GUI_2DLib.o [3]
GL_SetDefault           0x0807138b    0x3a  Code  Gb  GUI_Common.o [3]
GUIDRV_FlexColor_API    0x08097f6c    0x34  Data  Gb  GUIDRV_FlexColor.o [3]
GUIDRV_FlexColor_Config
                        0x0808746d    0x3e  Code  Gb  GUIDRV_FlexColor.o [3]
GUIDRV_FlexColor_SetFunc
                        0x080874ab    0x34  Code  Gb  GUIDRV_FlexColor.o [3]
GUIDRV_FlexColor_SetFunc66709
                        0x08095c5b    0x44  Code  Gb  GUIDRV_FlexColor_Func66709.o [3]
GUIDRV_FlexColor_SetMode16bppC0B16
                        0x0809595d    0x3e  Code  Gb  GUIDRV_FlexColor_16bpp_C0B16.o [3]
GUIDRV_FlexColor__GetPixelIndexNoCache
                        0x08087307    0xb0  Code  Gb  GUIDRV_FlexColor.o [3]
GUIDRV_FlexColor__InitOnce
                        0x080873c1    0x38  Code  Gb  GUIDRV_FlexColor.o [3]
GUIDRV_FlexColor__SetLog2Phys
                        0x08087435    0x38  Code  Gb  GUIDRV_FlexColor.o [3]
GUIDRV_FlexColor__SetPixelIndexNoCache
                        0x0808727b    0x84  Code  Gb  GUIDRV_FlexColor.o [3]
GUIMONO_DispChar        0x0809725d   0x104  Code  Gb  GUI_CharM.o [3]
GUIMONO_GetCharDistX    0x0809737d    0x12  Code  Gb  GUI_CharM.o [3]
GUIMONO_GetFontInfo     0x08097395     0x6  Code  Gb  GUI_CharM.o [3]
GUIMONO_IsInFont        0x0809739b    0x36  Code  Gb  GUI_CharM.o [3]
GUIPROP_DispChar        0x0809760d    0xc8  Code  Gb  GUI_CharP.o [3]
GUIPROP_EXT_DispChar    0x08097739    0x90  Code  Gb  GUI_CharPExt.o [3]
GUIPROP_EXT_GetCharDistX
                        0x080977c9    0x30  Code  Gb  GUI_CharPExt.o [3]
GUIPROP_EXT_GetCharInfo
                        0x0809780d    0x28  Code  Gb  GUI_CharPExt.o [3]
GUIPROP_EXT_GetFontInfo
                        0x080977f9     0x6  Code  Gb  GUI_CharPExt.o [3]
GUIPROP_EXT_IsInFont    0x080977ff     0xe  Code  Gb  GUI_CharPExt.o [3]
GUIPROP_EXT__ClearLine  0x08097845    0xd8  Code  Gb  GUI_EncExt.o [3]
GUIPROP_EXT__DispLine   0x0809791d    0x38  Code  Gb  GUI_EncExt.o [3]
GUIPROP_EXT__FindChar   0x08097725    0x14  Code  Gb  GUI_CharPExt.o [3]
GUIPROP_GetCharDistX    0x080976d5    0x36  Code  Gb  GUI_CharP.o [3]
GUIPROP_GetFontInfo     0x08097711     0x6  Code  Gb  GUI_CharP.o [3]
GUIPROP_IsInFont        0x08097717     0xe  Code  Gb  GUI_CharP.o [3]
GUIPROP__FindChar       0x080975f9    0x14  Code  Gb  GUI_CharP.o [3]
GUITASK_CopyContext     0x08078799    0x58  Code  Gb  GUI_Task.o [3]
GUITASK_Init            0x0807875f    0x3a  Code  Gb  GUI_Task.o [3]
GUITASK_Init::RegisterExit
                        0x20001e2c     0x8  Data  Lc  GUI_Task.o [3]
GUITASK__EntranceCnt    0x20001e28     0x4  Data  Gb  GUI_Task.o [3]
GUI_AA__ClipX0          0x20016fb4     0x4  Data  Gb  GUI_Core.o [3]
GUI_ALLOC_AllocNoInit   0x0807b793    0x18  Code  Gb  GUI_Alloc.o [3]
GUI_ALLOC_AllocZero     0x0807b8eb    0x30  Code  Gb  GUI_Alloc.o [3]
GUI_ALLOC_AssignMemory  0x0807b86f     0xc  Code  Gb  GUI_Alloc.o [3]
GUI_ALLOC_Free          0x0807b893    0x24  Code  Gb  GUI_Alloc.o [3]
GUI_ALLOC_FreeFixedBlock
                        0x0807b6d7    0x12  Code  Gb  GUI_Alloc.o [3]
GUI_ALLOC_FreePtr       0x0807b8b7    0x12  Code  Gb  GUI_Alloc.o [3]
GUI_ALLOC_FreePtrArray  0x0807b8d1    0x1a  Code  Gb  GUI_Alloc.o [3]
GUI_ALLOC_GetFixedBlock
                        0x0807b6e9    0xaa  Code  Gb  GUI_Alloc.o [3]
GUI_ALLOC_GetMaxSize    0x0807b7f9    0x32  Code  Gb  GUI_Alloc.o [3]
GUI_ALLOC_GetSize       0x0807b87b    0x18  Code  Gb  GUI_Alloc.o [3]
GUI_ALLOC_Lock          0x0807b85b     0xa  Code  Gb  GUI_Alloc.o [3]
GUI_ALLOC_LockH         0x0807b7b9    0x16  Code  Gb  GUI_Alloc.o [3]
GUI_ALLOC_RequestSize   0x0807b82b    0x28  Code  Gb  GUI_Alloc.o [3]
GUI_ALLOC_Unlock        0x0807b865     0xa  Code  Gb  GUI_Alloc.o [3]
GUI_ALLOC_UnlockH       0x0807b7cf    0x2a  Code  Gb  GUI_Alloc.o [3]
GUI_ALLOC__Context      0x200162c8    0xc0  Data  Gb  GUI_Alloc.o [3]
GUI_ALLOC_h2p           0x0807b7ab     0xe  Code  Gb  GUI_Alloc.o [3]
GUI_BMP_Draw            0x08073a39    0x12  Code  Gb  GUI_BMP.o [3]
GUI_BMP_DrawEx          0x08073a21    0x18  Code  Gb  GUI_BMP.o [3]
GUI_BMP__GetData        0x08073935     0xa  Code  Gb  GUI_BMP.o [3]
GUI_BMP__Init           0x0807393f    0xd0  Code  Gb  GUI_BMP.o [3]
GUI_BMP__ReadData       0x0807390b    0x2a  Code  Gb  GUI_BMP.o [3]
[...]
acGUI_Fontcyrillic_24x24_339E
                        0x0805df84    0x38  Data  Gb  cyrillic_24x24.o [1]
acGUI_Fontcyrillic_24x24_339F
                        0x0805dfbc    0x38  Data  Gb  cyrillic_24x24.o [1]
acGUI_Fontcyrillic_24x24_33A0
                        0x0805dff4    0x38  Data  Gb  cyrillic_24x24.o [1]
acGUI_Fontcyrillic_24x24_33A1
                        0x0805e02c    0x34  Data  Gb  cyrillic_24x24.o [1]
acGUI_Fontcyrillic_24x24_33A2
                        0x0805e060    0x38  Data  Gb  cyrillic_24x24.o [1]
acGUI_Fontcyrillic_24x24_33A3
                        0x0805e098    0x38  Data  Gb  cyrillic_24x24.o [1]
acGUI_Fontcyrillic_24x24_33A4
                        0x0805e0d0    0x38  Data  Gb  cyrillic_24x24.o [1]
acGUI_Fontcyrillic_24x24_33A5
                        0x0805e108    0x34  Data  Gb  cyrillic_24x24.o [1]
acGUI_Fontcyrillic_24x24_33A6
                        0x0805e13c    0x38  Data  Gb  cyrillic_24x24.o [1]
acGUI_Fontcyrillic_24x24_33A7
                        0x0805e174    0x44  Data  Gb  cyrillic_24x24.o [1]
acGUI_Fontcyrillic_24x24_33A8
                        0x0805e1b8    0x44  Data  Gb  cyrillic_24x24.o [1]
acGUI_Fontcyrillic_24x24_33A9
                        0x0805e1fc    0x38  Data  Gb  cyrillic_24x24.o [1]
acGUI_Fontcyrillic_24x24_33AA
                        0x0805e234    0x38  Data  Gb  cyrillic_24x24.o [1]
acGUI_Fontcyrillic_24x24_33AB
                        0x0805e26c    0x38  Data  Gb  cyrillic_24x24.o [1]
acGUI_Fontcyrillic_24x24_33AC
                        0x0805e2a4    0x38  Data  Gb  cyrillic_24x24.o [1]
acGUI_Fontcyrillic_24x24_33AD
                        0x0805e2dc    0x38  Data  Gb  cyrillic_24x24.o [1]
acGUI_Fontcyrillic_24x24_33AE
                        0x0805e314    0x44  Data  Gb  cyrillic_24x24.o [1]
acGUI_Fontcyrillic_24x24_33AF
                        0x0805e358    0x44  Data  Gb  cyrillic_24x24.o [1]
acGUI_Fontcyrillic_24x24_33B0
                        0x0805e39c    0x30  Data  Gb  cyrillic_24x24.o [1]
acGUI_Fontcyrillic_24x24_33B1
                        0x0805e3cc    0x24  Data  Gb  cyrillic_24x24.o [1]
acGUI_Fontcyrillic_24x24_33B2
                        0x0805e3f0    0x2c  Data  Gb  cyrillic_24x24.o [1]
acGUI_Fontcyrillic_24x24_33B3
                        0x0805e41c    0x24  Data  Gb  cyrillic_24x24.o [1]
acGUI_Fontcyrillic_24x24_33B4
                        0x0805e440    0x40  Data  Gb  cyrillic_24x24.o [1]
acGUI_Fontcyrillic_24x24_33B5
                        0x0805e480    0x38  Data  Gb  cyrillic_24x24.o [1]
acGUI_Fontcyrillic_24x24_33B6
                        0x0805e4b8    0x3c  Data  Gb  cyrillic_24x24.o [1]
acGUI_Fontcyrillic_24x24_33B7
                        0x0805e4f4    0x38  Data  Gb  cyrillic_24x24.o [1]
acGUI_Fontcyrillic_24x24_33B8
                        0x0805e52c    0x38  Data  Gb  cyrillic_24x24.o [1]
acGUI_Fontcyrillic_24x24_33B9
                        0x0805e564    0x38  Data  Gb  cyrillic_24x24.o [1]
acGUI_Fontcyrillic_24x24_33BA
                        0x0805e59c    0x40  Data  Gb  cyrillic_24x24.o [1]
acGUI_Fontcyrillic_24x24_33BB
                        0x0805e5dc    0x38  Data  Gb  cyrillic_24x24.o [1]
acGUI_Fontcyrillic_24x24_33BC
                        0x0805e614    0x40  Data  Gb  cyrillic_24x24.o [1]
acGUI_Fontcyrillic_24x24_33BD
                        0x0805e654    0x38  Data  Gb  cyrillic_24x24.o [1]
acGUI_Fontcyrillic_24x24_33BE
                        0x0805e68c    0x38  Data  Gb  cyrillic_24x24.o [1]
acGUI_Fontcyrillic_24x24_33BF
                        0x0805e6c4    0x38  Data  Gb  cyrillic_24x24.o [1]
acGUI_Fontcyrillic_24x24_33C0
                        0x0805e6fc    0x38  Data  Gb  cyrillic_24x24.o [1]
acGUI_Fontcyrillic_24x24_33C1
                        0x0805e734    0x38  Data  Gb  cyrillic_24x24.o [1]
acGUI_Fontcyrillic_24x24_33C3
                        0x0805e76c    0x40  Data  Gb  cyrillic_24x24.o [1]
acGUI_Fontcyrillic_24x24_33C4
                        0x0805e7ac    0x28  Data  Gb  cyrillic_24x24.o [1]
acGUI_Fontcyrillic_24x24_33C5
                        0x0805e7d4    0x38  Data  Gb  cyrillic_24x24.o [1]
acGUI_Fontcyrillic_24x24_33C6
                        0x0805e80c    0x40  Data  Gb  cyrillic_24x24.o [1]
acGUI_Fontcyrillic_24x24_33C8
                        0x0805e84c    0x38  Data  Gb  cyrillic_24x24.o [1]
acGUI_Fontcyrillic_24x24_33C9
                        0x0805e884    0x40  Data  Gb  cyrillic_24x24.o [1]
acGUI_Fontcyrillic_24x24_33CA
                        0x0805e8c4    0x38  Data  Gb  cyrillic_24x24.o [1]
acGUI_Fontcyrillic_24x24_33CF
                        0x0805e8fc    0x38  Data  Gb  cyrillic_24x24.o [1]
acGUI_Fontcyrillic_24x24_33D0
                        0x0805e934    0x24  Data  Gb  cyrillic_24x24.o [1]
acGUI_Fontcyrillic_24x24_33D3
                        0x0805e958    0x38  Data  Gb  cyrillic_24x24.o [1]
acGUI_Fontcyrillic_24x24_33D6
                        0x0805e990    0x38  Data  Gb  cyrillic_24x24.o [1]
acGUI_Fontcyrillic_24x24_33DB
                        0x0805e9c8    0x24  Data  Gb  cyrillic_24x24.o [1]
acGUI_Fontcyrillic_24x24_33DC
                        0x0805e9ec    0x38  Data  Gb  cyrillic_24x24.o [1]
acGUI_Fontcyrillic_24x24_33DD
                        0x0805ea24    0x38  Data  Gb  cyrillic_24x24.o [1]
acGUI_Fontcyrillic_24x24_FFE0
                        0x0805ea5c    0x2c  Data  Gb  cyrillic_24x24.o [1]
acGUI_Fontcyrillic_24x24_FFE1
                        0x0805ea88    0x24  Data  Gb  cyrillic_24x24.o [1]
acGUI_Fontcyrillic_24x24_FFE5
                        0x0805eaac    0x24  Data  Gb  cyrillic_24x24.o [1]
acGUI_Fontcyrillic_24x24_FFE6
                        0x0805ead0    0x38  Data  Gb  cyrillic_24x24.o [1]
acSystemEventMainMsg    0x200017f0    0x54  Data  Gb  GuiData.o [1]
acSystemEventSettingChange
                        0x20001c78    0x30  Data  Gb  GuiData.o [1]
acSystemEventSettingChangeSmall
                        0x20000870   0x600  Data  Gb  GuiData.o [1]
acSystemEventStatusChange
                        0x20001aa8    0x3c  Data  Gb  GuiData.o [1]
acSystemEventStatusChangeSmall
                        0x20000000   0x870  Data  Gb  GuiData.o [1]
acSystemEventSystemChange
                        0x20001f84    0x18  Data  Gb  GuiData.o [1]
acSystemEventSystemChangeSmall
                        0x20000e70   0x2a0  Data  Gb  GuiData.o [1]
atoi                    0x0807f9a5     0x2  Code  Gb  iar_Stoulx.o [4]
auchCRCHi               0x0806be78   0x100  Data  Gb  GuiData.o [1]
auchCRCLo               0x0806bf78   0x100  Data  Gb  GuiData.o [1]
bEventSend              0x20016f74     0x4  Data  Gb  GuiData.o [1]
bUpdateFirst            0x20001cad     0x1  Data  Lc  AcbMccbControl.o [1]
bcd2i                   0x08074b9f    0x10  Code  Lc  main.o [1]
bmacbmcc_control_btn_selected
                        0x0801f1a0    0x14  Data  Gb  Image.o [1]
bmacbmccb_control_btn_normal
                        0x0801dbf4    0x14  Data  Gb  Image.o [1]
bmacbmccb_control_normal_ch
                        0x08029d88    0x14  Data  Gb  Image.o [1]
bmacbmccb_control_selected_ch
                        0x0802af90    0x14  Data  Gb  Image.o [1]
bmbtn_IOset_normal      0x0801aa7c    0x14  Data  Gb  Image.o [1]
bmbtn_IOset_normal_ch   0x0802bcdc    0x14  Data  Gb  Image.o [1]
bmbtn_IOset_selected    0x08019ecc    0x14  Data  Gb  Image.o [1]
bmbtn_IOset_selected_ch
                        0x0802ca98    0x14  Data  Gb  Image.o [1]
bmbtn_IOstatus_normal   0x0801c770    0x14  Data  Gb  Image.o [1]
bmbtn_IOstatus_normal_ch
                        0x08022144    0x14  Data  Gb  Image.o [1]
bmbtn_IOstatus_selected
                        0x0801b940    0x14  Data  Gb  Image.o [1]
bmbtn_IOstatus_selected_ch
                        0x08022f54    0x14  Data  Gb  Image.o [1]
bmbtn_events_normal     0x0801430c    0x14  Data  Gb  Image.o [1]
bmbtn_events_normal_ch  0x080286ec    0x14  Data  Gb  Image.o [1]
bmbtn_events_selected   0x08013c10    0x14  Data  Gb  Image.o [1]
bmbtn_events_selected_ch
                        0x08028bd8    0x14  Data  Gb  Image.o [1]
bmbtn_hwset_normal      0x0800d784    0x14  Data  Gb  Image.o [1]
bmbtn_hwset_normal_ch   0x080213c4    0x14  Data  Gb  Image.o [1]
bmbtn_hwset_selected    0x0800cca8    0x14  Data  Gb  Image.o [1]
bmbtn_hwset_selected_ch
                        0x0802071c    0x14  Data  Gb  Image.o [1]
bmbtn_measurement_normal
                        0x0800fc44    0x14  Data  Gb  Image.o [1]
bmbtn_measurement_normal_ch
                        0x08023b54    0x14  Data  Gb  Image.o [1]
bmbtn_measurement_selected
                        0x0800ea74    0x14  Data  Gb  Image.o [1]
bmbtn_measurement_selected_ch
                        0x080247bc    0x14  Data  Gb  Image.o [1]
bmbtn_relayset_normal   0x080134b8    0x14  Data  Gb  Image.o [1]
bmbtn_relayset_normal_ch
                        0x080270f0    0x14  Data  Gb  Image.o [1]
bmbtn_relayset_selected
                        0x08012720    0x14  Data  Gb  Image.o [1]
bmbtn_relayset_selected_ch
                        0x080281b8    0x14  Data  Gb  Image.o [1]
bmbtn_systeminfo_normal
                        0x080118bc    0x14  Data  Gb  Image.o [1]
bmbtn_systeminfo_normal_ch
                        0x08025398    0x14  Data  Gb  Image.o [1]
bmbtn_systeminfo_selected
                        0x08010ae4    0x14  Data  Gb  Image.o [1]
bmbtn_systeminfo_selected_ch
                        0x0802602c    0x14  Data  Gb  Image.o [1]
bmcontrol_btn_normal_ch
                        0x0802d72c    0x14  Data  Gb  Image.o [1]
bmcontrol_btn_selected_ch
                        0x0802e3a4    0x14  Data  Gb  Image.o [1]
bmcontrol_normal        0x08016114    0x14  Data  Gb  Image.o [1]
bmcontrol_selected      0x08015254    0x14  Data  Gb  Image.o [1]
bmicon_succeeded        0x0801f9f4    0x14  Data  Gb  Image.o [1]
cPtAngle                0x0806be6c     0xc  Data  Gb  GuiData.o [1]
colorOffFillColor       0x20001cb0     0xc  Data  Lc  AcbMccbControl.o [1]
colorOffTextColor       0x20001cbc     0xc  Data  Lc  AcbMccbControl.o [1]
commTimer               0x200163f8     0x4  Data  Lc  MainMenu.o [1]
date_set_pos            0x20001f24    0x18  Data  Gb  GuiData.o [1]
date_set_updown_pos     0x200021e4     0xc  Data  Gb  GuiData.o [1]
deviceDescription       0x20016ab4    0x3c  Data  Lc  Setup.o [1]
diStatus                0x2001686c    0x30  Data  Gb  MLinkOverview.o [1]
digits                  0x0807f9b0    0x28  Data  Lc  iar_Stoulx.o [4]
doStatus                0x2001684c    0x20  Data  Gb  MLinkOverview.o [1]
emWin_LCD_Init          0x08078ccf    0x98  Code  Gb  LCD.o [3]
embOS_TraceAPI_SYSVIEW  0x08097e20    0x5c  Data  Gb  SEGGER_SYSVIEW_embOS.o [1]
exit                    0x080980ab     0x4  Code  Gb  exit.o [4]
floor                   0x08089219          Code  Gb  floor.o [5]
floorl                  0x08089219          Code  Gb  floor.o [5]
fputc                   0x08073bfd    0x16  Code  Gb  main.o [1]
gAcbType                0x20016f48     0x8  Data  Gb  GuiData.o [1]
gAmpareFrame            0x2001682c    0x20  Data  Gb  MainMenu.o [1]
gCommErrorCount         0x2001664c    0x20  Data  Gb  main.o [1]
gCommOldStatus          0x20016d64    0x20  Data  Gb  main.o [1]
gCommStatus             0x20015a98    0x20  Data  Gb  main.o [1]
gDateTime               0x20002184     0xc  Data  Gb  GuiData.o [1]
gDebug                  0x20015a55     0x1  Data  Gb  main.o [1]
gDescription            0x20016420    0x88  Data  Gb  GuiData.o [1]
gDeviceCount            0x200022d8     0x2  Data  Gb  GuiData.o [1]
gDeviceIndex            0x2001700a     0x2  Data  Gb  GuiData.o [1]
gDeviceTypeAll          0x20016d84    0x20  Data  Gb  main.o [1]
gFaultEventIndex        0x20016e94    0x10  Data  Gb  main.o [1]
gFaultEventReaded       0x20016ec4    0x10  Data  Gb  main.o [1]
gFaultEventTotalCount   0x20016eb4    0x10  Data  Gb  main.o [1]
gGroupOffset            0x20016ed4    0x10  Data  Gb  main.o [1]
gLnValue                0x2001680c    0x20  Data  Lc  MainMenu.o [1]
gLnrValue               0x200163b8    0x20  Data  Lc  MainMenu.o [1]
gLocalPols              0x20016608     0x4  Data  Lc  AcbMccbMeasurement.o [1]
gLrValue                0x20016398    0x20  Data  Lc  MainMenu.o [1]
gNPHASE_PROTECTION_Value
                        0x200163d8    0x20  Data  Lc  MainMenu.o [1]
gOldFaultEventIndex     0x20016cfc    0x10  Data  Gb  main.o [1]
gPols                   0x20016d44    0x20  Data  Gb  GuiData.o [1]
gProductName            0x20015ee4   0x1e0  Data  Gb  main.o [1]
gReadIndex              0x20017008     0x2  Data  Gb  GuiData.o [1]
gReturnToScreen         0x20016f68     0x4  Data  Gb  GuiData.o [1]
gSavingModeCounter      0x20016f60     0x4  Data  Gb  GuiData.o [1]
gScreenSwitchingCounter
                        0x20016f64     0x4  Data  Gb  GuiData.o [1]
gStatusSendEnd          0x2001700c     0x2  Data  Gb  GuiData.o [1]
gSystemEventIndex       0x20016e84    0x10  Data  Gb  main.o [1]
gSystemEventTotalCount  0x20016ea4    0x10  Data  Gb  main.o [1]
gTimeSyncDay            0x20016388     0x1  Data  Lc  MainMenu.o [1]
g_AddressRecv           0x20017019     0x1  Data  Gb  main.o [1]
g_bRecvAllDone          0x20016f80     0x4  Data  Gb  main.o [1]
g_bRecvVariable         0x20015edc     0x4  Data  Gb  main.o [1]
g_functionCode          0x20015ed6     0x1  Data  Gb  main.o [1]
g_modbusAddress         0x20015ed5     0x1  Data  Gb  main.o [1]
g_modbusRxBuff          0x20015cd4   0x200  Data  Gb  main.o [1]
g_modbusRxDone          0x20015ed4     0x1  Data  Gb  main.o [1]
g_modbusRxError         0x20015a51     0x1  Data  Gb  main.o [1]
g_modbusRxIndex         0x20015a50     0x1  Data  Gb  main.o [1]
g_modbusSlaveRxBuff     0x200160c4    0x14  Data  Gb  main.o [1]
g_modbusSlaveRxError    0x20015a53     0x1  Data  Gb  main.o [1]
g_modbusSlaveRxIndex    0x20015a52     0x1  Data  Gb  main.o [1]
g_nStatusNoUpdate       0x20016f7c     0x4  Data  Gb  main.o [1]
g_startAddr             0x2001700e     0x2  Data  Gb  main.o [1]
g_subFunction           0x20017018     0x1  Data  Gb  main.o [1]
g_wModbusWaitLen        0x20015ed8     0x2  Data  Gb  main.o [1]
g_waitReceiveLen        0x20017010     0x2  Data  Gb  main.o [1]
gbInMainMenu            0x20017000     0x2  Data  Gb  GuiData.o [1]
gbSavingMode            0x20016394     0x2  Data  Lc  MainMenu.o [1]
gbSettingTime           0x20016f84     0x4  Data  Gb  main.o [1]
gbSlaveSend             0x20015a56     0x1  Data  Gb  main.o [1]
hardwarVersion          0x20016c34    0x34  Data  Gb  main.o [1]
hdma_usart1_rx          0x2001666c    0x60  Data  Gb  main.o [1]
hdma_usart1_tx          0x200166cc    0x60  Data  Gb  main.o [1]
hdma_usart2_rx          0x2001672c    0x60  Data  Gb  main.o [1]
hdma_usart2_tx          0x2001678c    0x60  Data  Gb  main.o [1]
hi2c2                   0x20016900    0x54  Data  Lc  main.o [1]
hspi3                   0x2000ff2c    0x58  Data  Gb  main.o [1]
htim2                   0x20016af0    0x3c  Data  Gb  stm32f4xx_it.o [1]
htim4                   0x2000ff84    0x3c  Data  Gb  main.o [1]
huart1                  0x20015a58    0x40  Data  Gb  main.o [1]
huart2                  0x2001660c    0x40  Data  Gb  main.o [1]
huart6                  0x20016a34    0x40  Data  Gb  main.o [1]
i2bcd                   0x08074b8d    0x12  Code  Lc  main.o [1]
isspace                 0x08088e09    0x14  Code  Gb  isspace.o [4]
ldexp                   0x08086b8d          Code  Gb  ldexp.o [5]
ldexpl                  0x08086b8d          Code  Gb  ldexp.o [5]
localFloor              0x08082479    0x2c  Code  Lc  AcbMccbMeasurement.o [1]
localeconv              0x080867ed     0x4  Code  Gb  xlocale_c.o [4]
mLinkMode               0x20016ee4    0x10  Data  Gb  main.o [1]
mLinkSBO                0x20016ef4    0x10  Data  Gb  main.o [1]
main                    0x080741d3   0x470  Code  Gb  main.o [1]
main::StackEmWin        0x2000ffc8  0x4000  Data  Lc  main.o [1]
main::StackReceive      0x20014024  0x1000  Data  Lc  main.o [1]
main::TCBEMWIN          0x20013fc8    0x5c  Data  Lc  main.o [1]
main::TCBRECEIVE        0x20015024    0x5c  Data  Lc  main.o [1]
masterSendTick          0x20015ee0     0x4  Data  Gb  main.o [1]
memchr                  0x08086859          Code  Gb  memchr.o [7]
memcpy                  0x080981e1     0xc  Code  Gb  memcpy.o [7]
memset                  0x08098175    0x14  Code  Gb  memset.o [7]
nCurrIndex              0x20017006     0x2  Data  Gb  GuiData.o [1]
nDoSetting              0x20001ca8     0x4  Data  Lc  AcbMccbControl.o [1]
nEventIndex             0x20017002     0x2  Data  Gb  GuiData.o [1]
nEventTotal             0x20017004     0x2  Data  Gb  GuiData.o [1]
nMenuPos                0x20016f70     0x4  Data  Gb  GuiData.o [1]
nPfDisplay              0x200165a4     0x2  Data  Lc  AcbMccbMeasurement.o [1]
nRemote                 0x20001cae     0x1  Data  Lc  AcbMccbControl.o [1]
nSendStep               0x20016f78     0x4  Data  Gb  main.o [1]
nTrio                   0x20001caf     0x1  Data  Lc  AcbMccbControl.o [1]
ndigs                   0x0807f9d8    0x28  Data  Lc  iar_Stoulx.o [4]
obuf                    0x20016954    0x50  Data  Lc  xfiles.o [4]
pFlash                  0x20016da4    0x20  Data  Gb  stm32f4xx_hal_flash.o [1]
printf                  0x0807ab41    0x28  Code  Gb  printf.o [4]
productCode             0x20016c00    0x34  Data  Gb  main.o [1]
putchar                 0x08098155     0xc  Code  Gb  putchar.o [4]
readTimeTimer           0x200163fc     0x4  Data  Lc  MainMenu.o [1]
rectAcbBox              0x20002278     0x8  Data  Gb  GuiData.o [1]
rectAcbStatus           0x20002108    0x10  Data  Gb  GuiData.o [1]
rectDate                0x20002260     0x8  Data  Gb  GuiData.o [1]
rectDesc                0x20002268     0x8  Data  Gb  GuiData.o [1]
rectLocal               0x20002250     0x8  Data  Gb  GuiData.o [1]
rectMccbBox             0x20002280     0x8  Data  Gb  GuiData.o [1]
rectMccbStatus          0x20001f3c    0x18  Data  Gb  GuiData.o [1]
rectMode                0x20002258     0x8  Data  Gb  GuiData.o [1]
round                   0x08072949          Code  Gb  round.o [5]
roundl                  0x08072949          Code  Gb  round.o [5]
rx6_data                0x20015a57     0x1  Data  Gb  main.o [1]
scalbln                 0x08086b8d          Code  Gb  ldexp.o [5]
scalblnl                0x08086b8d          Code  Gb  ldexp.o [5]
scalbn                  0x08086b8d          Code  Gb  ldexp.o [5]
scalbnl                 0x08086b8d          Code  Gb  ldexp.o [5]
scale                   0x080796cf    0x46  Code  Lc  xprintffull.o [4]
sec_hand                0x20016ffc     0x4  Data  Lc  xfail_s.o [4]
sendFlag                0x20015a54     0x1  Data  Gb  main.o [1]
serialNo                0x20016bcc    0x34  Data  Gb  main.o [1]
setup_speed             0x0806be5c    0x10  Data  Gb  GuiData.o [1]
softwareVersion         0x20016c68    0x34  Data  Gb  main.o [1]
sprintf                 0x08071471    0x40  Code  Gb  sprintf.o [4]
statusSendStep          0x20016f6c     0x4  Data  Gb  GuiData.o [1]
strchr                  0x080867fd          Code  Gb  strchr.o [7]
strcpy                  0x08075169          Code  Gb  strcpy.o [7]
strlen                  0x08073bc5          Code  Gb  strlen.o [7]
tolower                 0x08088e1d    0x14  Code  Gb  tolower.o [4]
uart1LastNDTR           0x20015ab8     0x4  Data  Lc  main.o [1]
uart1_dma_rx_buff       0x20015ac0    0x14  Data  Gb  main.o [1]
uart2LastNDTR           0x20015abc     0x4  Data  Lc  main.o [1]
uart2_dma_rx_buff       0x20015ad4   0x200  Data  Gb  main.o [1]
uwTick                  0x20016f94     0x4  Data  Gb  stm32f4xx_hal.o [1]


[1] = D:\STM32F4\NewIHM8Git\EWARM\NewIHM8\Obj
[2] = command line
[3] = STemWin540_CM4_OS_IAR.a
[4] = dl7M_tlf.a
[5] = m7M_tls.a
[6] = os7m_tlv_dp.a
[7] = rt7M_tl.a
[8] = shb_l.a

  127 174 bytes of readonly  code memory
  450 159 bytes of readonly  data memory
   96 289 bytes of readwrite data memory

Errors: none
Warnings: 1
